[36mvite v5.4.21 [32mbuilding for production...[36m[39m
transforming...
[32m✓[39m 1655 modules transformed.
rendering chunks...
computing gzip size...
[2mdist/[22m[32mindex.html                                    [39m[1m[2m  3.36 kB[22m[1m[22m[2m │ gzip:  1.76 kB[22m
[2mdist/[22m[35massets/LessonLayout-BXbJ9Qqq.css              [39m[1m[2m  0.15 kB[22m[1m[22m[2m │ gzip:  0.14 kB[22m
[2mdist/[22m[35massets/AppModal-BH2MLqpy.css                  [39m[1m[2m  0.18 kB[22m[1m[22m[2m │ gzip:  0.12 kB[22m
[2mdist/[22m[35massets/PremiumPage-Cku2H0m4.css               [39m[1m[2m  0.69 kB[22m[1m[22m[2m │ gzip:  0.34 kB[22m
[2mdist/[22m[35massets/Pagination-Dta4cPsm.css                [39m[1m[2m  2.51 kB[22m[1m[22m[2m │ gzip:  0.73 kB[22m
[2mdist/[22m[35massets/Home-D2Z6vI_x.css                      [39m[1m[2m  6.41 kB[22m[1m[22m[2m │ gzip:  1.68 kB[22m
[2mdist/[22m[35massets/index--IzFmPu-.css                     [39m[1m[2m 86.37 kB[22m[1m[22m[2m │ gzip: 15.17 kB[22m
[2mdist/[22m[36massets/_plugin-vue_export-helper-DlAUqK2U.js  [39m[1m[2m  0.09 kB[22m[1m[22m[2m │ gzip:  0.10 kB[22m
[2mdist/[22m[36massets/mediaUrl-RFMiWCf_.js                   [39m[1m[2m  0.10 kB[22m[1m[22m[2m │ gzip:  0.11 kB[22m
[2mdist/[22m[36massets/streakService-Bm6JkHUK.js              [39m[1m[2m  0.26 kB[22m[1m[22m[2m │ gzip:  0.19 kB[22m
[2mdist/[22m[36massets/check-tabs1HxJ.js                      [39m[1m[2m  0.30 kB[22m[1m[22m[2m │ gzip:  0.25 kB[22m
[2mdist/[22m[36massets/plus-KkiyLkG4.js                       [39m[1m[2m  0.33 kB[22m[1m[22m[2m │ gzip:  0.26 kB[22m
[2mdist/[22m[36massets/search-rGjdDFDj.js                     [39m[1m[2m  0.35 kB[22m[1m[22m[2m │ gzip:  0.28 kB[22m
[2mdist/[22m[36massets/book-open-WKP-IVxH.js                  [39m[1m[2m  0.40 kB[22m[1m[22m[2m │ gzip:  0.29 kB[22m
[2mdist/[22m[36massets/webmDuration-BbguKm97.js               [39m[1m[2m  0.42 kB[22m[1m[22m[2m │ gzip:  0.27 kB[22m
[2mdist/[22m[36massets/volume-2-bIByK4Ab.js                   [39m[1m[2m  0.45 kB[22m[1m[22m[2m │ gzip:  0.33 kB[22m
[2mdist/[22m[36massets/mic-CrWVPd03.js                        [39m[1m[2m  0.45 kB[22m[1m[22m[2m │ gzip:  0.32 kB[22m
[2mdist/[22m[36massets/audio-lines-B8GdW2Kw.js                [39m[1m[2m  0.48 kB[22m[1m[22m[2m │ gzip:  0.31 kB[22m
[2mdist/[22m[36massets/users-DoZ04yT_.js                      [39m[1m[2m  0.48 kB[22m[1m[22m[2m │ gzip:  0.33 kB[22m
[2mdist/[22m[36massets/gameService-BZy5aOoj.js                [39m[1m[2m  0.48 kB[22m[1m[22m[2m │ gzip:  0.24 kB[22m
[2mdist/[22m[36massets/file-text-eibkAF3F.js                  [39m[1m[2m  0.51 kB[22m[1m[22m[2m │ gzip:  0.32 kB[22m
[2mdist/[22m[36massets/clapperboard-ZVWhASBH.js               [39m[1m[2m  0.52 kB[22m[1m[22m[2m │ gzip:  0.36 kB[22m
[2mdist/[22m[36massets/layout-dashboard-BLxYSFgV.js           [39m[1m[2m  0.53 kB[22m[1m[22m[2m │ gzip:  0.31 kB[22m
[2mdist/[22m[36massets/StickerCard-BkCtIE-Y.js                [39m[1m[2m  0.55 kB[22m[1m[22m[2m │ gzip:  0.34 kB[22m
[2mdist/[22m[36massets/sparkles-cPZgM1_W.js                   [39m[1m[2m  0.60 kB[22m[1m[22m[2m │ gzip:  0.36 kB[22m
[2mdist/[22m[36massets/trophy-BUNIttkN.js                     [39m[1m[2m  0.64 kB[22m[1m[22m[2m │ gzip:  0.39 kB[22m
[2mdist/[22m[36massets/pen-tool-BYwQEkss.js                   [39m[1m[2m  0.65 kB[22m[1m[22m[2m │ gzip:  0.41 kB[22m
[2mdist/[22m[36massets/premium-C9gVADTn.js                    [39m[1m[2m  0.66 kB[22m[1m[22m[2m │ gzip:  0.38 kB[22m
[2mdist/[22m[36massets/lessonLevels-CI59-ktO.js               [39m[1m[2m  0.69 kB[22m[1m[22m[2m │ gzip:  0.30 kB[22m
[2mdist/[22m[36massets/deckService-Bqy_B-mt.js                [39m[1m[2m  0.81 kB[22m[1m[22m[2m │ gzip:  0.39 kB[22m
[2mdist/[22m[36massets/trash-2-DDFU5SDa.js                    [39m[1m[2m  0.82 kB[22m[1m[22m[2m │ gzip:  0.42 kB[22m
[2mdist/[22m[36massets/AppEmptyState-7jdqMK0d.js              [39m[1m[2m  1.08 kB[22m[1m[22m[2m │ gzip:  0.62 kB[22m
[2mdist/[22m[36massets/lessonService-Cgsxa7NR.js              [39m[1m[2m  1.10 kB[22m[1m[22m[2m │ gzip:  0.39 kB[22m
[2mdist/[22m[36massets/adminService-CYPDMOfn.js               [39m[1m[2m  1.66 kB[22m[1m[22m[2m │ gzip:  0.42 kB[22m
[2mdist/[22m[36massets/UserPageHeader-odquVn0b.js             [39m[1m[2m  1.68 kB[22m[1m[22m[2m │ gzip:  0.86 kB[22m
[2mdist/[22m[36massets/speakingService-DQ6wlU65.js            [39m[1m[2m  1.69 kB[22m[1m[22m[2m │ gzip:  0.60 kB[22m
[2mdist/[22m[36massets/videoLessonService-CMrkizWc.js         [39m[1m[2m  1.80 kB[22m[1m[22m[2m │ gzip:  0.68 kB[22m
[2mdist/[22m[36massets/useSpeakingRecorder-C46HDnFQ.js        [39m[1m[2m  1.84 kB[22m[1m[22m[2m │ gzip:  1.03 kB[22m
[2mdist/[22m[36massets/FormField-DNUj16NX.js                  [39m[1m[2m  1.90 kB[22m[1m[22m[2m │ gzip:  0.84 kB[22m
[2mdist/[22m[36massets/AppModal-Be5QaWV-.js                   [39m[1m[2m  2.31 kB[22m[1m[22m[2m │ gzip:  1.19 kB[22m
[2mdist/[22m[36massets/ForgotPassword-CeyzssgB.js             [39m[1m[2m  2.65 kB[22m[1m[22m[2m │ gzip:  1.40 kB[22m
[2mdist/[22m[36massets/Pagination-ByI749sR.js                 [39m[1m[2m  3.08 kB[22m[1m[22m[2m │ gzip:  1.41 kB[22m
[2mdist/[22m[36massets/PremiumCheckout-C-5U8fv4.js            [39m[1m[2m  3.14 kB[22m[1m[22m[2m │ gzip:  1.66 kB[22m
[2mdist/[22m[36massets/vocabularyService-CG1JA3aw.js          [39m[1m[2m  3.29 kB[22m[1m[22m[2m │ gzip:  1.31 kB[22m
[2mdist/[22m[36massets/QuizGame-DEXaDiyz.js                   [39m[1m[2m  3.56 kB[22m[1m[22m[2m │ gzip:  1.76 kB[22m
[2mdist/[22m[36massets/Login-CgkEyWFN.js                      [39m[1m[2m  3.58 kB[22m[1m[22m[2m │ gzip:  1.68 kB[22m
[2mdist/[22m[36massets/ListeningGame-s3AD2YXs.js              [39m[1m[2m  3.61 kB[22m[1m[22m[2m │ gzip:  1.71 kB[22m
[2mdist/[22m[36massets/ResetPassword-rvWP1TWz.js              [39m[1m[2m  3.63 kB[22m[1m[22m[2m │ gzip:  1.69 kB[22m
[2mdist/[22m[36massets/PremiumPage-DhhsUQa1.js                [39m[1m[2m  3.83 kB[22m[1m[22m[2m │ gzip:  1.74 kB[22m
[2mdist/[22m[36massets/Register-DZgI8K4-.js                   [39m[1m[2m  3.93 kB[22m[1m[22m[2m │ gzip:  1.70 kB[22m
[2mdist/[22m[36massets/Leaderboard-C6heYwNb.js                [39m[1m[2m  4.36 kB[22m[1m[22m[2m │ gzip:  2.21 kB[22m
[2mdist/[22m[36massets/DeckCreate-DpJWKFeX.js                 [39m[1m[2m  4.45 kB[22m[1m[22m[2m │ gzip:  2.01 kB[22m
[2mdist/[22m[36massets/MemoryMatchGame-LdZM6FuV.js            [39m[1m[2m  5.10 kB[22m[1m[22m[2m │ gzip:  2.27 kB[22m
[2mdist/[22m[36massets/SpeakingList-xgh2Hzw9.js               [39m[1m[2m  5.12 kB[22m[1m[22m[2m │ gzip:  2.39 kB[22m
[2mdist/[22m[36massets/AdminVideoAttempts-kSoJCFNc.js         [39m[1m[2m  5.47 kB[22m[1m[22m[2m │ gzip:  2.44 kB[22m
[2mdist/[22m[36massets/MixedGame-DRht-jxp.js                  [39m[1m[2m  5.79 kB[22m[1m[22m[2m │ gzip:  2.54 kB[22m
[2mdist/[22m[36massets/TypingGame-D2mO82Da.js                 [39m[1m[2m  5.89 kB[22m[1m[22m[2m │ gzip:  2.55 kB[22m
[2mdist/[22m[36massets/SearchVocabulary-DYQely3-.js           [39m[1m[2m  6.14 kB[22m[1m[22m[2m │ gzip:  2.63 kB[22m
[2mdist/[22m[36massets/DeckDetail-DUkaWWCO.js                 [39m[1m[2m  6.18 kB[22m[1m[22m[2m │ gzip:  2.19 kB[22m
[2mdist/[22m[36massets/VideoLibrary-D59S3KpZ.js               [39m[1m[2m  6.74 kB[22m[1m[22m[2m │ gzip:  2.86 kB[22m
[2mdist/[22m[36massets/Decks-B0TYPAcp.js                      [39m[1m[2m  6.77 kB[22m[1m[22m[2m │ gzip:  2.88 kB[22m
[2mdist/[22m[36massets/SubmissionHistory-BToTiOWb.js          [39m[1m[2m  6.88 kB[22m[1m[22m[2m │ gzip:  2.95 kB[22m
[2mdist/[22m[36massets/AdminUsers-CDI9SWA0.js                 [39m[1m[2m  7.30 kB[22m[1m[22m[2m │ gzip:  2.57 kB[22m
[2mdist/[22m[36massets/FlashcardGame-C6Cl2yL_.js              [39m[1m[2m  7.81 kB[22m[1m[22m[2m │ gzip:  3.09 kB[22m
[2mdist/[22m[36massets/AdminLayout-CpTAaw2f.js                [39m[1m[2m  8.08 kB[22m[1m[22m[2m │ gzip:  2.85 kB[22m
[2mdist/[22m[36massets/AdminDashboard-CAp3OWsg.js             [39m[1m[2m  9.24 kB[22m[1m[22m[2m │ gzip:  3.20 kB[22m
[2mdist/[22m[36massets/Lessons-D-c94ayK.js                    [39m[1m[2m  9.49 kB[22m[1m[22m[2m │ gzip:  3.72 kB[22m
[2mdist/[22m[36massets/SpeakingDetail-DmIi315R.js             [39m[1m[2m  9.81 kB[22m[1m[22m[2m │ gzip:  3.83 kB[22m
[2mdist/[22m[36massets/SpeakingRecord-DCexCxlP.js             [39m[1m[2m  9.87 kB[22m[1m[22m[2m │ gzip:  3.90 kB[22m
[2mdist/[22m[36massets/AiVocabGenerator-CK9waWGk.js           [39m[1m[2m 10.86 kB[22m[1m[22m[2m │ gzip:  4.21 kB[22m
[2mdist/[22m[36massets/Profile-C1bozSfw.js                    [39m[1m[2m 11.87 kB[22m[1m[22m[2m │ gzip:  4.78 kB[22m
[2mdist/[22m[36massets/Home-BvzWhNdq.js                       [39m[1m[2m 11.94 kB[22m[1m[22m[2m │ gzip:  4.90 kB[22m
[2mdist/[22m[36massets/AdminVideoLessons-BbQLSJOx.js          [39m[1m[2m 12.82 kB[22m[1m[22m[2m │ gzip:  5.11 kB[22m
[2mdist/[22m[36massets/AdminLessons-Cr0rON92.js               [39m[1m[2m 13.34 kB[22m[1m[22m[2m │ gzip:  4.28 kB[22m
[2mdist/[22m[36massets/AdminSpeakingSubmissions-CMCW9hyj.js   [39m[1m[2m 13.89 kB[22m[1m[22m[2m │ gzip:  4.99 kB[22m
[2mdist/[22m[36massets/AdminSpeakingPrompts-BuVqBAfY.js       [39m[1m[2m 16.67 kB[22m[1m[22m[2m │ gzip:  5.89 kB[22m
[2mdist/[22m[36massets/VideoLesson-DuiiuCf0.js                [39m[1m[2m 22.03 kB[22m[1m[22m[2m │ gzip:  8.23 kB[22m
[2mdist/[22m[36massets/LessonLayout-w5vZm4Zr.js               [39m[1m[2m 28.34 kB[22m[1m[22m[2m │ gzip:  9.26 kB[22m
[2mdist/[22m[36massets/AdminExercises-FfLEnfRD.js             [39m[1m[2m 33.27 kB[22m[1m[22m[2m │ gzip:  9.85 kB[22m
[2mdist/[22m[36massets/markdown-DBu3buwd.js                   [39m[1m[2m 64.94 kB[22m[1m[22m[2m │ gzip: 22.12 kB[22m
[2mdist/[22m[36massets/index-CxxcxQEf.js                      [39m[1m[2m177.75 kB[22m[1m[22m[2m │ gzip: 67.69 kB[22m
[32m✓ built in 7.54s[39m
