[36mvite v5.4.21 [32mbuilding for production...[36m[39m
transforming...
[32m✓[39m 1655 modules transformed.
rendering chunks...
computing gzip size...
[2mdist/[22m[32mindex.html                                    [39m[1m[2m  3.36 kB[22m[1m[22m[2m │ gzip:  1.76 kB[22m
[2mdist/[22m[35massets/LessonLayout-BXbJ9Qqq.css              [39m[1m[2m  0.15 kB[22m[1m[22m[2m │ gzip:  0.14 kB[22m
[2mdist/[22m[35massets/AppModal-BH2MLqpy.css                  [39m[1m[2m  0.18 kB[22m[1m[22m[2m │ gzip:  0.12 kB[22m
[2mdist/[22m[35massets/PremiumPage-Cku2H0m4.css               [39m[1m[2m  0.69 kB[22m[1m[22m[2m │ gzip:  0.34 kB[22m
[2mdist/[22m[35massets/Pagination-CJI_YcDG.css                [39m[1m[2m  2.51 kB[22m[1m[22m[2m │ gzip:  0.73 kB[22m
[2mdist/[22m[35massets/Home-B7OHLy5J.css                      [39m[1m[2m  6.41 kB[22m[1m[22m[2m │ gzip:  1.68 kB[22m
[2mdist/[22m[35massets/index--IzFmPu-.css                     [39m[1m[2m 86.37 kB[22m[1m[22m[2m │ gzip: 15.17 kB[22m
[2mdist/[22m[36massets/_plugin-vue_export-helper-DlAUqK2U.js  [39m[1m[2m  0.09 kB[22m[1m[22m[2m │ gzip:  0.10 kB[22m
[2mdist/[22m[36massets/mediaUrl-RFMiWCf_.js                   [39m[1m[2m  0.10 kB[22m[1m[22m[2m │ gzip:  0.11 kB[22m
[2mdist/[22m[36massets/streakService-DXfMEoUx.js              [39m[1m[2m  0.26 kB[22m[1m[22m[2m │ gzip:  0.19 kB[22m
[2mdist/[22m[36massets/check-D_s1ffTl.js                      [39m[1m[2m  0.30 kB[22m[1m[22m[2m │ gzip:  0.25 kB[22m
[2mdist/[22m[36massets/plus-DNW0i4so.js                       [39m[1m[2m  0.33 kB[22m[1m[22m[2m │ gzip:  0.26 kB[22m
[2mdist/[22m[36massets/search-B5zrKbvA.js                     [39m[1m[2m  0.35 kB[22m[1m[22m[2m │ gzip:  0.28 kB[22m
[2mdist/[22m[36massets/book-open-BpJvc97b.js                  [39m[1m[2m  0.40 kB[22m[1m[22m[2m │ gzip:  0.29 kB[22m
[2mdist/[22m[36massets/webmDuration-BbguKm97.js               [39m[1m[2m  0.42 kB[22m[1m[22m[2m │ gzip:  0.27 kB[22m
[2mdist/[22m[36massets/volume-2-BTtwfFoC.js                   [39m[1m[2m  0.45 kB[22m[1m[22m[2m │ gzip:  0.33 kB[22m
[2mdist/[22m[36massets/mic-Cdcvc-XD.js                        [39m[1m[2m  0.45 kB[22m[1m[22m[2m │ gzip:  0.32 kB[22m
[2mdist/[22m[36massets/audio-lines-DpyRvutk.js                [39m[1m[2m  0.48 kB[22m[1m[22m[2m │ gzip:  0.31 kB[22m
[2mdist/[22m[36massets/users-BgDpoT9J.js                      [39m[1m[2m  0.48 kB[22m[1m[22m[2m │ gzip:  0.33 kB[22m
[2mdist/[22m[36massets/gameService-NP2QZAmT.js                [39m[1m[2m  0.48 kB[22m[1m[22m[2m │ gzip:  0.24 kB[22m
[2mdist/[22m[36massets/file-text-DUcJPtVx.js                  [39m[1m[2m  0.51 kB[22m[1m[22m[2m │ gzip:  0.32 kB[22m
[2mdist/[22m[36massets/clapperboard-S3vE86Fz.js               [39m[1m[2m  0.52 kB[22m[1m[22m[2m │ gzip:  0.36 kB[22m
[2mdist/[22m[36massets/layout-dashboard-CXHk9lUA.js           [39m[1m[2m  0.53 kB[22m[1m[22m[2m │ gzip:  0.31 kB[22m
[2mdist/[22m[36massets/StickerCard-jyfNNGDk.js                [39m[1m[2m  0.55 kB[22m[1m[22m[2m │ gzip:  0.34 kB[22m
[2mdist/[22m[36massets/sparkles-BkPXkKY4.js                   [39m[1m[2m  0.60 kB[22m[1m[22m[2m │ gzip:  0.36 kB[22m
[2mdist/[22m[36massets/trophy-CPABk253.js                     [39m[1m[2m  0.64 kB[22m[1m[22m[2m │ gzip:  0.39 kB[22m
[2mdist/[22m[36massets/pen-tool-AQV0UTKg.js                   [39m[1m[2m  0.65 kB[22m[1m[22m[2m │ gzip:  0.41 kB[22m
[2mdist/[22m[36massets/premium-m9Yl-fZk.js                    [39m[1m[2m  0.66 kB[22m[1m[22m[2m │ gzip:  0.38 kB[22m
[2mdist/[22m[36massets/lessonLevels-CI59-ktO.js               [39m[1m[2m  0.69 kB[22m[1m[22m[2m │ gzip:  0.30 kB[22m
[2mdist/[22m[36massets/deckService-BStK_vv6.js                [39m[1m[2m  0.81 kB[22m[1m[22m[2m │ gzip:  0.39 kB[22m
[2mdist/[22m[36massets/trash-2-BYem8f-K.js                    [39m[1m[2m  0.82 kB[22m[1m[22m[2m │ gzip:  0.42 kB[22m
[2mdist/[22m[36massets/AppEmptyState-Cau9ZotI.js              [39m[1m[2m  1.08 kB[22m[1m[22m[2m │ gzip:  0.62 kB[22m
[2mdist/[22m[36massets/lessonService-DmHhPWOf.js              [39m[1m[2m  1.10 kB[22m[1m[22m[2m │ gzip:  0.39 kB[22m
[2mdist/[22m[36massets/adminService-DKQaBoe2.js               [39m[1m[2m  1.66 kB[22m[1m[22m[2m │ gzip:  0.42 kB[22m
[2mdist/[22m[36massets/UserPageHeader-C00bmJZM.js             [39m[1m[2m  1.68 kB[22m[1m[22m[2m │ gzip:  0.86 kB[22m
[2mdist/[22m[36massets/speakingService-CpwjAKbQ.js            [39m[1m[2m  1.69 kB[22m[1m[22m[2m │ gzip:  0.60 kB[22m
[2mdist/[22m[36massets/videoLessonService-BxyrJa8h.js         [39m[1m[2m  1.80 kB[22m[1m[22m[2m │ gzip:  0.68 kB[22m
[2mdist/[22m[36massets/useSpeakingRecorder-l-n_cSNk.js        [39m[1m[2m  1.84 kB[22m[1m[22m[2m │ gzip:  1.03 kB[22m
[2mdist/[22m[36massets/FormField-D-KTJIcD.js                  [39m[1m[2m  1.90 kB[22m[1m[22m[2m │ gzip:  0.84 kB[22m
[2mdist/[22m[36massets/AppModal-C1VbNVvV.js                   [39m[1m[2m  2.31 kB[22m[1m[22m[2m │ gzip:  1.19 kB[22m
[2mdist/[22m[36massets/ForgotPassword-BvmUgIbC.js             [39m[1m[2m  2.65 kB[22m[1m[22m[2m │ gzip:  1.40 kB[22m
[2mdist/[22m[36massets/Pagination-Lc4HY2M-.js                 [39m[1m[2m  3.08 kB[22m[1m[22m[2m │ gzip:  1.41 kB[22m
[2mdist/[22m[36massets/PremiumCheckout-BLxoxy4L.js            [39m[1m[2m  3.14 kB[22m[1m[22m[2m │ gzip:  1.66 kB[22m
[2mdist/[22m[36massets/vocabularyService-CkbhL76t.js          [39m[1m[2m  3.29 kB[22m[1m[22m[2m │ gzip:  1.30 kB[22m
[2mdist/[22m[36massets/QuizGame-CWMGFQt3.js                   [39m[1m[2m  3.56 kB[22m[1m[22m[2m │ gzip:  1.76 kB[22m
[2mdist/[22m[36massets/Login-DFiCXkk6.js                      [39m[1m[2m  3.58 kB[22m[1m[22m[2m │ gzip:  1.67 kB[22m
[2mdist/[22m[36massets/ListeningGame-DFbqBQJ5.js              [39m[1m[2m  3.61 kB[22m[1m[22m[2m │ gzip:  1.71 kB[22m
[2mdist/[22m[36massets/ResetPassword-B_rntbHy.js              [39m[1m[2m  3.63 kB[22m[1m[22m[2m │ gzip:  1.69 kB[22m
[2mdist/[22m[36massets/PremiumPage-Dwfz5mXi.js                [39m[1m[2m  3.83 kB[22m[1m[22m[2m │ gzip:  1.74 kB[22m
[2mdist/[22m[36massets/Register-DzhTKrqA.js                   [39m[1m[2m  3.93 kB[22m[1m[22m[2m │ gzip:  1.70 kB[22m
[2mdist/[22m[36massets/Leaderboard-BySyAYw1.js                [39m[1m[2m  4.36 kB[22m[1m[22m[2m │ gzip:  2.21 kB[22m
[2mdist/[22m[36massets/DeckCreate-B4iGTRRv.js                 [39m[1m[2m  4.45 kB[22m[1m[22m[2m │ gzip:  2.01 kB[22m
[2mdist/[22m[36massets/MemoryMatchGame-BeIRYeMH.js            [39m[1m[2m  5.10 kB[22m[1m[22m[2m │ gzip:  2.27 kB[22m
[2mdist/[22m[36massets/SpeakingList-CKRZGXGM.js               [39m[1m[2m  5.12 kB[22m[1m[22m[2m │ gzip:  2.39 kB[22m
[2mdist/[22m[36massets/AdminVideoAttempts-DFWSI5jz.js         [39m[1m[2m  5.47 kB[22m[1m[22m[2m │ gzip:  2.44 kB[22m
[2mdist/[22m[36massets/MixedGame-vYpHX_PR.js                  [39m[1m[2m  5.79 kB[22m[1m[22m[2m │ gzip:  2.54 kB[22m
[2mdist/[22m[36massets/TypingGame-C3IBmi_Z.js                 [39m[1m[2m  5.89 kB[22m[1m[22m[2m │ gzip:  2.55 kB[22m
[2mdist/[22m[36massets/SearchVocabulary-CS7ub01i.js           [39m[1m[2m  6.14 kB[22m[1m[22m[2m │ gzip:  2.63 kB[22m
[2mdist/[22m[36massets/DeckDetail-DKn5ruHW.js                 [39m[1m[2m  6.18 kB[22m[1m[22m[2m │ gzip:  2.19 kB[22m
[2mdist/[22m[36massets/VideoLibrary-DV5Fox_A.js               [39m[1m[2m  6.74 kB[22m[1m[22m[2m │ gzip:  2.86 kB[22m
[2mdist/[22m[36massets/Decks-g1B8yM6g.js                      [39m[1m[2m  6.77 kB[22m[1m[22m[2m │ gzip:  2.88 kB[22m
[2mdist/[22m[36massets/SubmissionHistory-BFi8AvdG.js          [39m[1m[2m  6.88 kB[22m[1m[22m[2m │ gzip:  2.95 kB[22m
[2mdist/[22m[36massets/AdminUsers-C8LM3Wyl.js                 [39m[1m[2m  7.30 kB[22m[1m[22m[2m │ gzip:  2.57 kB[22m
[2mdist/[22m[36massets/FlashcardGame-CArP4Dk2.js              [39m[1m[2m  7.81 kB[22m[1m[22m[2m │ gzip:  3.09 kB[22m
[2mdist/[22m[36massets/AdminLayout-Bln19-qZ.js                [39m[1m[2m  8.08 kB[22m[1m[22m[2m │ gzip:  2.85 kB[22m
[2mdist/[22m[36massets/AdminDashboard-BBmmJski.js             [39m[1m[2m  9.24 kB[22m[1m[22m[2m │ gzip:  3.20 kB[22m
[2mdist/[22m[36massets/Lessons-BRY0x9Ui.js                    [39m[1m[2m  9.49 kB[22m[1m[22m[2m │ gzip:  3.72 kB[22m
[2mdist/[22m[36massets/SpeakingDetail-Dd3BVJoN.js             [39m[1m[2m  9.81 kB[22m[1m[22m[2m │ gzip:  3.83 kB[22m
[2mdist/[22m[36massets/SpeakingRecord-3rNtQjQN.js             [39m[1m[2m  9.87 kB[22m[1m[22m[2m │ gzip:  3.90 kB[22m
[2mdist/[22m[36massets/AiVocabGenerator-B8u1JB5R.js           [39m[1m[2m 10.98 kB[22m[1m[22m[2m │ gzip:  4.30 kB[22m
[2mdist/[22m[36massets/Profile-BGAP9c62.js                    [39m[1m[2m 11.87 kB[22m[1m[22m[2m │ gzip:  4.78 kB[22m
[2mdist/[22m[36massets/Home-D0cLs938.js                       [39m[1m[2m 11.94 kB[22m[1m[22m[2m │ gzip:  4.90 kB[22m
[2mdist/[22m[36massets/AdminVideoLessons-DrnqOW2d.js          [39m[1m[2m 12.82 kB[22m[1m[22m[2m │ gzip:  5.11 kB[22m
[2mdist/[22m[36massets/AdminLessons-e6cpCdBF.js               [39m[1m[2m 13.34 kB[22m[1m[22m[2m │ gzip:  4.28 kB[22m
[2mdist/[22m[36massets/AdminSpeakingSubmissions-DypDuQ06.js   [39m[1m[2m 13.89 kB[22m[1m[22m[2m │ gzip:  4.99 kB[22m
[2mdist/[22m[36massets/AdminSpeakingPrompts-B-BUlWk1.js       [39m[1m[2m 16.67 kB[22m[1m[22m[2m │ gzip:  5.89 kB[22m
[2mdist/[22m[36massets/VideoLesson-uVWnYA6c.js                [39m[1m[2m 22.03 kB[22m[1m[22m[2m │ gzip:  8.23 kB[22m
[2mdist/[22m[36massets/LessonLayout-CKmf8sfI.js               [39m[1m[2m 28.34 kB[22m[1m[22m[2m │ gzip:  9.26 kB[22m
[2mdist/[22m[36massets/AdminExercises-BIhorls1.js             [39m[1m[2m 33.27 kB[22m[1m[22m[2m │ gzip:  9.85 kB[22m
[2mdist/[22m[36massets/markdown-DBu3buwd.js                   [39m[1m[2m 64.94 kB[22m[1m[22m[2m │ gzip: 22.12 kB[22m
[2mdist/[22m[36massets/index-DKhxaawa.js                      [39m[1m[2m177.75 kB[22m[1m[22m[2m │ gzip: 67.69 kB[22m
[32m✓ built in 4.04s[39m
