
 RUN  v1.6.1 C:/Users/ASUS/Documents/LAPTRINH/engflow/frontend

 ✓ src/views/__tests__/contrast-ink-tokens.test.js  (6 tests) 52ms
 ✓ src/utils/speech.test.js  (13 tests) 13ms
 ✓ src/utils/webmDuration.test.js  (8 tests) 34ms
 ✓ src/composables/useSpeakingRecorder.test.js  (4 tests) 58ms
 ✓ src/views/lessons/LessonBlocks.test.js  (14 tests) 221ms
 ✓ src/components/ui/__tests__/AppButton.test.js  (11 tests) 162ms
 ✓ src/components/common/StreakCalendar.test.js  (8 tests) 303ms
 ✓ src/components/decor/__tests__/decor-props.test.js  (10 tests) 103ms
 ✓ src/services/api.test.js  (13 tests) 31ms
 ✓ src/views/admin/AdminVideoLessons.test.js  (3 tests) 321ms
 ✓ src/views/admin/AdminLessonBuilder.f13.test.js  (2 tests) 108ms
node.exe : stderr | src/views/Profile.test.js > Profile streak header > shows retry instead of a false empty calendar 
after an API failure
At line:1 char:1
+ & "C:\Program Files\nodejs/node.exe" "C:\Program Files\nodejs/node_mo ...
+ ~~~~~~~~~~~~~~~~~~~~~~~~~~~~~~~~~~~~~~~~~~~~~~~~~~~~~~~~~~~~~~~~~~~~~
    + CategoryInfo          : NotSpecified: (stderr | src/vi... an API failure:String) [], RemoteException
    + FullyQualifiedErrorId : NativeCommandError
 
[Vue warn]: Failed to resolve component: router-link
If this is a native custom element, make sure to exclude it from component resolution via 
compilerOptions.isCustomElement. 
  at <Profile ref="VTU_COMPONENT" > 
  at <VTUROOT>
[Vue warn]: Failed to resolve component: router-link
If this is a native custom element, make sure to exclude it from component resolution via 
compilerOptions.isCustomElement. 
  at <Profile ref="VTU_COMPONENT" > 
  at <VTUROOT>
[Vue warn]: Failed to resolve component: router-link
If this is a native custom element, make sure to exclude it from component resolution via 
compilerOptions.isCustomElement. 
  at <Profile ref="VTU_COMPONENT" > 
  at <VTUROOT>

stderr | src/views/Profile.test.js > Profile streak header > shows retry instead of a false empty calendar after an 
API failure
[Vue warn]: Failed to resolve component: router-link
If this is a native custom element, make sure to exclude it from component resolution via 
compilerOptions.isCustomElement. 
  at <Profile ref="VTU_COMPONENT" > 
  at <VTUROOT>
[Vue warn]: Failed to resolve component: router-link
If this is a native custom element, make sure to exclude it from component resolution via 
compilerOptions.isCustomElement. 
  at <Profile ref="VTU_COMPONENT" > 
  at <VTUROOT>

stderr | src/views/Profile.test.js > Profile streak header > refreshes on focus and stops listening after unmount
[Vue warn]: Failed to resolve component: router-link
If this is a native custom element, make sure to exclude it from component resolution via 
compilerOptions.isCustomElement. 
  at <Profile ref="VTU_COMPONENT" > 
  at <VTUROOT>
[Vue warn]: Failed to resolve component: router-link
If this is a native custom element, make sure to exclude it from component resolution via 
compilerOptions.isCustomElement. 
  at <Profile ref="VTU_COMPONENT" > 
  at <VTUROOT>
[Vue warn]: Failed to resolve component: router-link
If this is a native custom element, make sure to exclude it from component resolution via 
compilerOptions.isCustomElement. 
  at <Profile ref="VTU_COMPONENT" > 
  at <VTUROOT>

stderr | src/views/Profile.test.js > Profile streak header > refreshes on focus and stops listening after unmount
[Vue warn]: Failed to resolve component: router-link
If this is a native custom element, make sure to exclude it from component resolution via 
compilerOptions.isCustomElement. 
  at <Profile ref="VTU_COMPONENT" > 
  at <VTUROOT>
[Vue warn]: Failed to resolve component: router-link
If this is a native custom element, make sure to exclude it from component resolution via 
compilerOptions.isCustomElement. 
  at <Profile ref="VTU_COMPONENT" > 
  at <VTUROOT>

stderr | src/views/Profile.test.js > Profile streak header > refreshes at Vietnam midnight even if the browser 
timezone differs
[Vue warn]: Failed to resolve component: router-link
If this is a native custom element, make sure to exclude it from component resolution via 
compilerOptions.isCustomElement. 
  at <Profile ref="VTU_COMPONENT" > 
  at <VTUROOT>
[Vue warn]: Failed to resolve component: router-link
If this is a native custom element, make sure to exclude it from component resolution via 
compilerOptions.isCustomElement. 
  at <Profile ref="VTU_COMPONENT" > 
  at <VTUROOT>
[Vue warn]: Failed to resolve component: router-link
If this is a native custom element, make sure to exclude it from component resolution via 
compilerOptions.isCustomElement. 
  at <Profile ref="VTU_COMPONENT" > 
  at <VTUROOT>

stderr | src/views/Profile.test.js > Profile streak header > refreshes at Vietnam midnight even if the browser 
timezone differs
[Vue warn]: Failed to resolve component: router-link
If this is a native custom element, make sure to exclude it from component resolution via 
compilerOptions.isCustomElement. 
  at <Profile ref="VTU_COMPONENT" > 
  at <VTUROOT>
[Vue warn]: Failed to resolve component: router-link
If this is a native custom element, make sure to exclude it from component resolution via 
compilerOptions.isCustomElement. 
  at <Profile ref="VTU_COMPONENT" > 
  at <VTUROOT>

 ✓ src/views/Profile.test.js  (4 tests) 241ms
 ↓ src/views/Profile.snapshot.test.js  (1 test | 1 skipped)
 ✓ src/views/lessons/LessonExerciseTab.f13.test.js  (11 tests) 360ms
 ✓ src/views/luyentu/FlashcardGame.test.js  (6 tests) 658ms
 ✓ src/components/common/Pagination.test.js  (5 tests) 300ms
 ✓ src/views/luyentu/QuizGame.test.js  (4 tests) 127ms
 ✓ src/components/home/LearningPath.test.js  (4 tests) 332ms
 ✓ src/utils/safeRedirect.test.js  (27 tests) 12ms
 ✓ src/components/ui/__tests__/Feedback.test.js  (8 tests) 132ms
 ✓ src/views/admin/AdminLessons.placeholder-contrast.test.js  (2 tests) 6ms
 ✓ src/components/ui/__tests__/StickerCard.test.js  (6 tests) 82ms
 ✓ src/components/ui/__tests__/FormField.test.js  (4 tests) 92ms
 ✓ src/views/lessons/LessonLayout.h1.test.js  (2 tests) 85ms
 ✓ src/components/ui/__tests__/States.test.js  (6 tests) 105ms
 ✓ src/components/common/UserPageHeader.test.js  (1 test) 67ms
 ✓ src/views/speaking/SpeakingList.test.js  (2 tests) 203ms
 ✓ src/views/admin/AdminSpeakingSubmissions.test.js  (1 test) 136ms
 ✓ src/components/ui/__tests__/AppInput.test.js  (4 tests) 99ms
 ✓ src/services/dashboardService.test.js  (2 tests) 8ms
 ✓ src/utils/sanitize-a11y.test.js  (3 tests) 12ms

 Test Files  30 passed | 1 skipped (31)
      Tests  194 passed | 1 skipped (195)
   Start at  00:09:54
   Duration  29.16s (transform 5.72s, setup 8ms, collect 27.25s, tests 4.46s, environment 176.99s, prepare 94.00s)

