vite v5.4.21 building for production...
transforming...
✓ 1658 modules transformed.
rendering chunks...
computing gzip size...
dist/index.html                                      3.36 kB │ gzip:  1.76 kB
dist/assets/AppModal-BH2MLqpy.css                    0.18 kB │ gzip:  0.12 kB
dist/assets/LessonLayout-CGdLXWzV.css                0.25 kB │ gzip:  0.18 kB
dist/assets/PremiumPage-Cku2H0m4.css                 0.69 kB │ gzip:  0.34 kB
dist/assets/Pagination-Dta4cPsm.css                  2.51 kB │ gzip:  0.73 kB
dist/assets/Home-D2Z6vI_x.css                        6.41 kB │ gzip:  1.68 kB
dist/assets/index-DGagIOqm.css                      87.71 kB │ gzip: 15.32 kB
dist/assets/_plugin-vue_export-helper-DlAUqK2U.js    0.09 kB │ gzip:  0.10 kB
dist/assets/mediaUrl-RFMiWCf_.js                     0.10 kB │ gzip:  0.11 kB
dist/assets/streakService-7aedER-8.js                0.26 kB │ gzip:  0.19 kB
dist/assets/check-CruAOMbH.js                        0.30 kB │ gzip:  0.25 kB
dist/assets/plus-BFKUx6TT.js                         0.33 kB │ gzip:  0.26 kB
dist/assets/search-DiFTMOLO.js                       0.35 kB │ gzip:  0.28 kB
dist/assets/book-open-BmKliCxj.js                    0.40 kB │ gzip:  0.29 kB
dist/assets/webmDuration-BbguKm97.js                 0.42 kB │ gzip:  0.27 kB
dist/assets/volume-2-vS35pHma.js                     0.45 kB │ gzip:  0.33 kB
dist/assets/mic-C15ensBX.js                          0.45 kB │ gzip:  0.32 kB
dist/assets/audio-lines-FxJV6NGx.js                  0.48 kB │ gzip:  0.31 kB
dist/assets/users-DJdd8mSH.js                        0.48 kB │ gzip:  0.33 kB
dist/assets/gameService-D1DB8D7L.js                  0.48 kB │ gzip:  0.24 kB
dist/assets/file-text-BKhBlR6l.js                    0.51 kB │ gzip:  0.32 kB
dist/assets/clapperboard-C4RG0i2w.js                 0.52 kB │ gzip:  0.36 kB
dist/assets/layout-dashboard-C0TR3k7T.js             0.53 kB │ gzip:  0.31 kB
dist/assets/StickerCard-CTMTX14P.js                  0.55 kB │ gzip:  0.34 kB
dist/assets/sparkles-DcqiA9gA.js                     0.60 kB │ gzip:  0.36 kB
dist/assets/trophy-DHnB36xE.js                       0.64 kB │ gzip:  0.40 kB
dist/assets/pen-tool-BBAM8yuj.js                     0.65 kB │ gzip:  0.41 kB
dist/assets/premium-2zP9smtm.js                      0.66 kB │ gzip:  0.38 kB
dist/assets/lessonLevels-sgx01yBQ.js                 0.69 kB │ gzip:  0.29 kB
dist/assets/deckService-CmIfFEoR.js                  0.81 kB │ gzip:  0.39 kB
dist/assets/AppEmptyState-IlOit7ET.js                1.08 kB │ gzip:  0.62 kB
dist/assets/lessonStructureService-BShvVslP.js       1.08 kB │ gzip:  0.37 kB
dist/assets/lessonService-DqLSKrfK.js                1.10 kB │ gzip:  0.40 kB
dist/assets/trash-2-Z6XowQIl.js                      1.31 kB │ gzip:  0.53 kB
dist/assets/adminService-BXKTGbnw.js                 1.66 kB │ gzip:  0.42 kB
dist/assets/UserPageHeader-7Odnsy8h.js               1.68 kB │ gzip:  0.86 kB
dist/assets/speakingService-D-qrBwRp.js              1.69 kB │ gzip:  0.60 kB
dist/assets/videoLessonService-CYmX9iS6.js           1.80 kB │ gzip:  0.68 kB
dist/assets/useSpeakingRecorder-D-XH9bu1.js          1.84 kB │ gzip:  1.03 kB
dist/assets/FormField-D_kBUPbH.js                    1.90 kB │ gzip:  0.84 kB
dist/assets/AppModal-Ct_E-afN.js                     2.31 kB │ gzip:  1.19 kB
dist/assets/ForgotPassword-CB5t3MB5.js               2.65 kB │ gzip:  1.40 kB
dist/assets/Pagination-Dyrd5nXI.js                   3.08 kB │ gzip:  1.41 kB
dist/assets/PremiumCheckout-Bs-RmsJd.js              3.14 kB │ gzip:  1.66 kB
dist/assets/QuizGame-DZIVteRT.js                     3.56 kB │ gzip:  1.76 kB
dist/assets/Login-olyl_C12.js                        3.58 kB │ gzip:  1.68 kB
dist/assets/vocabularyService-TbiHXAPy.js            3.60 kB │ gzip:  1.34 kB
dist/assets/ListeningGame-CCdoRaOn.js                3.61 kB │ gzip:  1.71 kB
dist/assets/ResetPassword-D0hDCSlz.js                3.63 kB │ gzip:  1.69 kB
dist/assets/PremiumPage-8h7fzPf_.js                  3.83 kB │ gzip:  1.74 kB
dist/assets/Register-D0cyhd5z.js                     3.93 kB │ gzip:  1.70 kB
dist/assets/Leaderboard-lIMTKByW.js                  4.36 kB │ gzip:  2.21 kB
dist/assets/DeckCreate-BWl-r8eO.js                   4.45 kB │ gzip:  2.01 kB
dist/assets/MemoryMatchGame-DU89pspg.js              5.10 kB │ gzip:  2.27 kB
dist/assets/SpeakingList-CAM-mbww.js                 5.12 kB │ gzip:  2.39 kB
dist/assets/AdminVideoAttempts-vPpYLDHw.js           5.47 kB │ gzip:  2.44 kB
dist/assets/MixedGame-5L-dTVWq.js                    5.79 kB │ gzip:  2.54 kB
dist/assets/SearchVocabulary-BqupmI9U.js             5.83 kB │ gzip:  2.47 kB
dist/assets/TypingGame-DC4nLr8G.js                   5.89 kB │ gzip:  2.55 kB
dist/assets/DeckDetail-BIN4QKSn.js                   6.18 kB │ gzip:  2.19 kB
dist/assets/VideoLibrary-BdxN5Kld.js                 6.74 kB │ gzip:  2.86 kB
dist/assets/Decks-Drz6JIac.js                        6.77 kB │ gzip:  2.88 kB
dist/assets/SubmissionHistory-DJURAx7g.js            6.88 kB │ gzip:  2.95 kB
dist/assets/AdminUsers-CiBunjZL.js                   7.30 kB │ gzip:  2.57 kB
dist/assets/FlashcardGame-BJ7Y6jGY.js                7.78 kB │ gzip:  3.07 kB
dist/assets/AdminLayout-Yz2bJax6.js                  8.12 kB │ gzip:  2.86 kB
dist/assets/AdminDashboard-S3U75LD0.js               9.24 kB │ gzip:  3.20 kB
dist/assets/Lessons-D6kYmo1V.js                      9.49 kB │ gzip:  3.72 kB
dist/assets/SpeakingDetail-BA6bS-7r.js               9.81 kB │ gzip:  3.83 kB
dist/assets/SpeakingRecord-D0KVJ3Zl.js               9.87 kB │ gzip:  3.90 kB
dist/assets/AiVocabGenerator-DY6h0q7A.js            10.86 kB │ gzip:  4.21 kB
dist/assets/Profile-D0ig9eio.js                     11.87 kB │ gzip:  4.78 kB
dist/assets/Home-OtsId7O_.js                        11.94 kB │ gzip:  4.90 kB
dist/assets/AdminVideoLessons-CfDEE6Hy.js           12.82 kB │ gzip:  5.11 kB
dist/assets/AdminLessons-_sEDQuX_.js                13.78 kB │ gzip:  4.36 kB
dist/assets/AdminSpeakingSubmissions-Dw0Py3Dk.js    13.89 kB │ gzip:  4.99 kB
dist/assets/AdminSpeakingPrompts-DcII-LGW.js        16.67 kB │ gzip:  5.89 kB
dist/assets/VideoLesson-DfbSHUd4.js                 22.03 kB │ gzip:  8.23 kB
dist/assets/AdminLessonBuilder-Dak39j0v.js          27.38 kB │ gzip:  7.46 kB
dist/assets/LessonLayout-DXBbTUnF.js                32.08 kB │ gzip: 10.27 kB
dist/assets/AdminExercises-BHrcIbK3.js              32.68 kB │ gzip:  9.68 kB
dist/assets/markdown-DBu3buwd.js                    64.94 kB │ gzip: 22.12 kB
dist/assets/index-xR3BfCqS.js                      177.98 kB │ gzip: 67.76 kB
✓ built in 10.16s
