[36mvite v5.4.21 [32mbuilding for production...[36m[39m
transforming...
[32m✓[39m 1655 modules transformed.
rendering chunks...
computing gzip size...
[2mdist/[22m[32mindex.html                                    [39m[1m[2m  3.36 kB[22m[1m[22m[2m │ gzip:  1.76 kB[22m
[2mdist/[22m[35massets/LessonLayout-BXbJ9Qqq.css              [39m[1m[2m  0.15 kB[22m[1m[22m[2m │ gzip:  0.14 kB[22m
[2mdist/[22m[35massets/AppModal-BH2MLqpy.css                  [39m[1m[2m  0.18 kB[22m[1m[22m[2m │ gzip:  0.12 kB[22m
[2mdist/[22m[35massets/PremiumPage-Cku2H0m4.css               [39m[1m[2m  0.69 kB[22m[1m[22m[2m │ gzip:  0.34 kB[22m
[2mdist/[22m[35massets/Pagination-Dta4cPsm.css                [39m[1m[2m  2.51 kB[22m[1m[22m[2m │ gzip:  0.73 kB[22m
[2mdist/[22m[35massets/Home-D2Z6vI_x.css                      [39m[1m[2m  6.41 kB[22m[1m[22m[2m │ gzip:  1.68 kB[22m
[2mdist/[22m[35massets/index--IzFmPu-.css                     [39m[1m[2m 86.37 kB[22m[1m[22m[2m │ gzip: 15.17 kB[22m
[2mdist/[22m[36massets/_plugin-vue_export-helper-DlAUqK2U.js  [39m[1m[2m  0.09 kB[22m[1m[22m[2m │ gzip:  0.10 kB[22m
[2mdist/[22m[36massets/mediaUrl-RFMiWCf_.js                   [39m[1m[2m  0.10 kB[22m[1m[22m[2m │ gzip:  0.11 kB[22m
[2mdist/[22m[36massets/streakService-Dhlxw_9n.js              [39m[1m[2m  0.26 kB[22m[1m[22m[2m │ gzip:  0.19 kB[22m
[2mdist/[22m[36massets/check-vrV_coRI.js                      [39m[1m[2m  0.30 kB[22m[1m[22m[2m │ gzip:  0.25 kB[22m
[2mdist/[22m[36massets/plus-B_jYQIi1.js                       [39m[1m[2m  0.33 kB[22m[1m[22m[2m │ gzip:  0.26 kB[22m
[2mdist/[22m[36massets/search-DxslE546.js                     [39m[1m[2m  0.35 kB[22m[1m[22m[2m │ gzip:  0.28 kB[22m
[2mdist/[22m[36massets/book-open-BoHsxzUi.js                  [39m[1m[2m  0.40 kB[22m[1m[22m[2m │ gzip:  0.29 kB[22m
[2mdist/[22m[36massets/webmDuration-BbguKm97.js               [39m[1m[2m  0.42 kB[22m[1m[22m[2m │ gzip:  0.27 kB[22m
[2mdist/[22m[36massets/volume-2-S29pumdJ.js                   [39m[1m[2m  0.45 kB[22m[1m[22m[2m │ gzip:  0.33 kB[22m
[2mdist/[22m[36massets/mic-Bj8_2cgu.js                        [39m[1m[2m  0.45 kB[22m[1m[22m[2m │ gzip:  0.32 kB[22m
[2mdist/[22m[36massets/audio-lines-BLFe7iwh.js                [39m[1m[2m  0.48 kB[22m[1m[22m[2m │ gzip:  0.31 kB[22m
[2mdist/[22m[36massets/users-E8505tg6.js                      [39m[1m[2m  0.48 kB[22m[1m[22m[2m │ gzip:  0.33 kB[22m
[2mdist/[22m[36massets/gameService-Zmp1I46A.js                [39m[1m[2m  0.48 kB[22m[1m[22m[2m │ gzip:  0.24 kB[22m
[2mdist/[22m[36massets/file-text-kPnTQbN_.js                  [39m[1m[2m  0.51 kB[22m[1m[22m[2m │ gzip:  0.32 kB[22m
[2mdist/[22m[36massets/clapperboard-CG1iWLru.js               [39m[1m[2m  0.52 kB[22m[1m[22m[2m │ gzip:  0.36 kB[22m
[2mdist/[22m[36massets/layout-dashboard-DbrI8Yo6.js           [39m[1m[2m  0.53 kB[22m[1m[22m[2m │ gzip:  0.31 kB[22m
[2mdist/[22m[36massets/StickerCard-kwP3FUXx.js                [39m[1m[2m  0.55 kB[22m[1m[22m[2m │ gzip:  0.34 kB[22m
[2mdist/[22m[36massets/sparkles-DMkYY5aI.js                   [39m[1m[2m  0.60 kB[22m[1m[22m[2m │ gzip:  0.36 kB[22m
[2mdist/[22m[36massets/trophy-BbNQFtxh.js                     [39m[1m[2m  0.64 kB[22m[1m[22m[2m │ gzip:  0.39 kB[22m
[2mdist/[22m[36massets/pen-tool-C1i8t_gA.js                   [39m[1m[2m  0.65 kB[22m[1m[22m[2m │ gzip:  0.41 kB[22m
[2mdist/[22m[36massets/premium-6JLxhV66.js                    [39m[1m[2m  0.66 kB[22m[1m[22m[2m │ gzip:  0.38 kB[22m
[2mdist/[22m[36massets/lessonLevels-CI59-ktO.js               [39m[1m[2m  0.69 kB[22m[1m[22m[2m │ gzip:  0.30 kB[22m
[2mdist/[22m[36massets/deckService-BD0OVrB5.js                [39m[1m[2m  0.81 kB[22m[1m[22m[2m │ gzip:  0.40 kB[22m
[2mdist/[22m[36massets/trash-2-BAySw1wi.js                    [39m[1m[2m  0.82 kB[22m[1m[22m[2m │ gzip:  0.42 kB[22m
[2mdist/[22m[36massets/AppEmptyState-Zr-W_46m.js              [39m[1m[2m  1.08 kB[22m[1m[22m[2m │ gzip:  0.62 kB[22m
[2mdist/[22m[36massets/lessonService-DB8Uo1XX.js              [39m[1m[2m  1.10 kB[22m[1m[22m[2m │ gzip:  0.40 kB[22m
[2mdist/[22m[36massets/adminService-C89KY6cl.js               [39m[1m[2m  1.66 kB[22m[1m[22m[2m │ gzip:  0.42 kB[22m
[2mdist/[22m[36massets/UserPageHeader-DLytQPVI.js             [39m[1m[2m  1.68 kB[22m[1m[22m[2m │ gzip:  0.86 kB[22m
[2mdist/[22m[36massets/speakingService-BwU_SsgH.js            [39m[1m[2m  1.69 kB[22m[1m[22m[2m │ gzip:  0.60 kB[22m
[2mdist/[22m[36massets/videoLessonService-CyfWVTKk.js         [39m[1m[2m  1.80 kB[22m[1m[22m[2m │ gzip:  0.68 kB[22m
[2mdist/[22m[36massets/useSpeakingRecorder-qWUxLkgM.js        [39m[1m[2m  1.84 kB[22m[1m[22m[2m │ gzip:  1.04 kB[22m
[2mdist/[22m[36massets/FormField-ClkuP405.js                  [39m[1m[2m  1.90 kB[22m[1m[22m[2m │ gzip:  0.84 kB[22m
[2mdist/[22m[36massets/AppModal-Cpe0-lbI.js                   [39m[1m[2m  2.31 kB[22m[1m[22m[2m │ gzip:  1.19 kB[22m
[2mdist/[22m[36massets/ForgotPassword-BcW4jbHP.js             [39m[1m[2m  2.65 kB[22m[1m[22m[2m │ gzip:  1.40 kB[22m
[2mdist/[22m[36massets/Pagination-BcC3RGZN.js                 [39m[1m[2m  3.08 kB[22m[1m[22m[2m │ gzip:  1.41 kB[22m
[2mdist/[22m[36massets/PremiumCheckout-afDNZ6Tg.js            [39m[1m[2m  3.14 kB[22m[1m[22m[2m │ gzip:  1.66 kB[22m
[2mdist/[22m[36massets/vocabularyService-SG-H8iBW.js          [39m[1m[2m  3.18 kB[22m[1m[22m[2m │ gzip:  1.26 kB[22m
[2mdist/[22m[36massets/QuizGame-CPv7zGLJ.js                   [39m[1m[2m  3.56 kB[22m[1m[22m[2m │ gzip:  1.76 kB[22m
[2mdist/[22m[36massets/Login-DHzDI6-i.js                      [39m[1m[2m  3.58 kB[22m[1m[22m[2m │ gzip:  1.67 kB[22m
[2mdist/[22m[36massets/ListeningGame-DSU5Qx8h.js              [39m[1m[2m  3.61 kB[22m[1m[22m[2m │ gzip:  1.71 kB[22m
[2mdist/[22m[36massets/ResetPassword-CbTefN0X.js              [39m[1m[2m  3.63 kB[22m[1m[22m[2m │ gzip:  1.68 kB[22m
[2mdist/[22m[36massets/PremiumPage-C6r3xKSx.js                [39m[1m[2m  3.83 kB[22m[1m[22m[2m │ gzip:  1.74 kB[22m
[2mdist/[22m[36massets/Register-CWmMa-an.js                   [39m[1m[2m  3.93 kB[22m[1m[22m[2m │ gzip:  1.70 kB[22m
[2mdist/[22m[36massets/Leaderboard-BqoSMIkM.js                [39m[1m[2m  4.36 kB[22m[1m[22m[2m │ gzip:  2.21 kB[22m
[2mdist/[22m[36massets/DeckCreate-B4Xcsy7c.js                 [39m[1m[2m  4.45 kB[22m[1m[22m[2m │ gzip:  2.01 kB[22m
[2mdist/[22m[36massets/MemoryMatchGame-23-kGkJS.js            [39m[1m[2m  5.10 kB[22m[1m[22m[2m │ gzip:  2.27 kB[22m
[2mdist/[22m[36massets/SpeakingList-DRvrpyl9.js               [39m[1m[2m  5.12 kB[22m[1m[22m[2m │ gzip:  2.39 kB[22m
[2mdist/[22m[36massets/AdminVideoAttempts-BawG_5LE.js         [39m[1m[2m  5.47 kB[22m[1m[22m[2m │ gzip:  2.44 kB[22m
[2mdist/[22m[36massets/MixedGame-CLaw8b-D.js                  [39m[1m[2m  5.79 kB[22m[1m[22m[2m │ gzip:  2.54 kB[22m
[2mdist/[22m[36massets/SearchVocabulary-Do_pvn-b.js           [39m[1m[2m  5.87 kB[22m[1m[22m[2m │ gzip:  2.49 kB[22m
[2mdist/[22m[36massets/TypingGame-B29hD_7a.js                 [39m[1m[2m  5.89 kB[22m[1m[22m[2m │ gzip:  2.55 kB[22m
[2mdist/[22m[36massets/DeckDetail-C6H11fXj.js                 [39m[1m[2m  6.18 kB[22m[1m[22m[2m │ gzip:  2.19 kB[22m
[2mdist/[22m[36massets/VideoLibrary-C4-uQa7x.js               [39m[1m[2m  6.74 kB[22m[1m[22m[2m │ gzip:  2.87 kB[22m
[2mdist/[22m[36massets/Decks-DBdGbEXx.js                      [39m[1m[2m  6.77 kB[22m[1m[22m[2m │ gzip:  2.88 kB[22m
[2mdist/[22m[36massets/SubmissionHistory-Xb0zQ9lt.js          [39m[1m[2m  6.88 kB[22m[1m[22m[2m │ gzip:  2.95 kB[22m
[2mdist/[22m[36massets/AdminUsers-CvclcpTC.js                 [39m[1m[2m  7.30 kB[22m[1m[22m[2m │ gzip:  2.57 kB[22m
[2mdist/[22m[36massets/FlashcardGame-DbyNwJXU.js              [39m[1m[2m  7.81 kB[22m[1m[22m[2m │ gzip:  3.09 kB[22m
[2mdist/[22m[36massets/AdminLayout-BiRdbTp8.js                [39m[1m[2m  8.08 kB[22m[1m[22m[2m │ gzip:  2.84 kB[22m
[2mdist/[22m[36massets/AdminDashboard-DuKQcNJ4.js             [39m[1m[2m  9.24 kB[22m[1m[22m[2m │ gzip:  3.20 kB[22m
[2mdist/[22m[36massets/Lessons-CKl-1D7s.js                    [39m[1m[2m  9.49 kB[22m[1m[22m[2m │ gzip:  3.72 kB[22m
[2mdist/[22m[36massets/SpeakingDetail-wRGoGpLB.js             [39m[1m[2m  9.81 kB[22m[1m[22m[2m │ gzip:  3.83 kB[22m
[2mdist/[22m[36massets/SpeakingRecord-Bf3GpQMz.js             [39m[1m[2m  9.87 kB[22m[1m[22m[2m │ gzip:  3.90 kB[22m
[2mdist/[22m[36massets/AiVocabGenerator-BGhGsqI8.js           [39m[1m[2m 10.86 kB[22m[1m[22m[2m │ gzip:  4.21 kB[22m
[2mdist/[22m[36massets/Profile-DAVcTtCx.js                    [39m[1m[2m 11.87 kB[22m[1m[22m[2m │ gzip:  4.78 kB[22m
[2mdist/[22m[36massets/Home-CoHHSJut.js                       [39m[1m[2m 11.94 kB[22m[1m[22m[2m │ gzip:  4.90 kB[22m
[2mdist/[22m[36massets/AdminVideoLessons-qWz89d9C.js          [39m[1m[2m 12.82 kB[22m[1m[22m[2m │ gzip:  5.11 kB[22m
[2mdist/[22m[36massets/AdminLessons-b3QS7qic.js               [39m[1m[2m 13.34 kB[22m[1m[22m[2m │ gzip:  4.28 kB[22m
[2mdist/[22m[36massets/AdminSpeakingSubmissions-leqtSvuT.js   [39m[1m[2m 13.89 kB[22m[1m[22m[2m │ gzip:  4.99 kB[22m
[2mdist/[22m[36massets/AdminSpeakingPrompts-BagMxGMG.js       [39m[1m[2m 16.67 kB[22m[1m[22m[2m │ gzip:  5.89 kB[22m
[2mdist/[22m[36massets/VideoLesson-BMOaflXv.js                [39m[1m[2m 22.03 kB[22m[1m[22m[2m │ gzip:  8.23 kB[22m
[2mdist/[22m[36massets/LessonLayout-BRgW8nur.js               [39m[1m[2m 28.34 kB[22m[1m[22m[2m │ gzip:  9.26 kB[22m
[2mdist/[22m[36massets/AdminExercises-DS0YizaQ.js             [39m[1m[2m 33.27 kB[22m[1m[22m[2m │ gzip:  9.85 kB[22m
[2mdist/[22m[36massets/markdown-DBu3buwd.js                   [39m[1m[2m 64.94 kB[22m[1m[22m[2m │ gzip: 22.12 kB[22m
[2mdist/[22m[36massets/index-BNEkf624.js                      [39m[1m[2m177.75 kB[22m[1m[22m[2m │ gzip: 67.68 kB[22m
[32m✓ built in 5.81s[39m
