 Image engflow-backend Building 
#1 [internal] load local bake definitions
#1 reading from stdin 555B done
#1 DONE 0.0s

#2 [internal] load build definition from backend.Dockerfile
#2 transferring dockerfile: 723B 0.0s done
#2 DONE 0.0s

#3 [internal] load metadata for docker.io/library/eclipse-temurin:25-jre-alpine
#3 ...

#4 [internal] load metadata for docker.io/library/eclipse-temurin:25-jdk-alpine
#4 DONE 2.1s

#3 [internal] load metadata for docker.io/library/eclipse-temurin:25-jre-alpine
#3 DONE 2.1s

#5 [internal] load .dockerignore
#5 transferring context: 101B done
#5 DONE 0.0s

#6 [build 1/7] FROM docker.io/library/eclipse-temurin:25-jdk-alpine@sha256:541729c21f9308a68cebbe5a0627e4cd465dfe8980fc03bac0b2feaee57daafd
#6 resolve docker.io/library/eclipse-temurin:25-jdk-alpine@sha256:541729c21f9308a68cebbe5a0627e4cd465dfe8980fc03bac0b2feaee57daafd 0.0s done
#6 DONE 0.0s

#7 [run 1/4] FROM docker.io/library/eclipse-temurin:25-jre-alpine@sha256:2ca9adf44f5c29d28ecd26cf92d75cc0c66b7f32bfd839a4439e363a8b428af8
#7 resolve docker.io/library/eclipse-temurin:25-jre-alpine@sha256:2ca9adf44f5c29d28ecd26cf92d75cc0c66b7f32bfd839a4439e363a8b428af8 0.0s done
#7 DONE 0.0s

#8 [internal] load build context
#8 transferring context: 100.61kB 0.1s done
#8 DONE 0.1s

#9 [build 2/7] WORKDIR /app
#9 CACHED

#10 [build 3/7] COPY pom.xml mvnw ./
#10 CACHED

#11 [build 4/7] COPY .mvn/ .mvn/
#11 CACHED

#12 [build 5/7] RUN chmod +x mvnw && ./mvnw dependency:go-offline -B
#12 CACHED

#13 [build 6/7] COPY src/ ./src/
#13 DONE 0.4s

#14 [build 7/7] RUN ./mvnw package -DskipTests -B
#14 2.060 [INFO] Scanning for projects...
#14 2.338 [INFO] 
#14 2.338 [INFO] --------------------------< com.datn:engflow >--------------------------
#14 2.338 [INFO] Building engflow 0.0.1-SNAPSHOT
#14 2.338 [INFO]   from pom.xml
#14 2.338 [INFO] --------------------------------[ jar ]---------------------------------
#14 3.275 [INFO] 
#14 3.275 [INFO] --- resources:3.3.1:resources (default-resources) @ engflow ---
#14 3.464 [INFO] Copying 1 resource from src/main/resources to target/classes
#14 3.489 [INFO] Copying 476 resources from src/main/resources to target/classes
#14 3.635 [INFO] 
#14 3.635 [INFO] --- compiler:3.14.1:compile (default-compile) @ engflow ---
#14 3.814 [INFO] Recompiling the module because of changed source code.
#14 3.828 [INFO] Compiling 210 source files with javac [debug parameters release 25] to target/classes
#14 6.017 WARNING: A terminally deprecated method in sun.misc.Unsafe has been called
#14 6.017 WARNING: sun.misc.Unsafe::objectFieldOffset has been called by lombok.permit.Permit
#14 6.017 WARNING: Please consider reporting this to the maintainers of class lombok.permit.Permit
#14 6.017 WARNING: sun.misc.Unsafe::objectFieldOffset will be removed in a future release
#14 12.25 [WARNING] /app/src/main/java/com/datn/engflow/config/RedisConfig.java:[29,41] org.springframework.data.redis.serializer.GenericJackson2JsonRedisSerializer in org.springframework.data.redis.serializer has been deprecated and marked for removal
#14 12.25 [WARNING] /app/src/main/java/com/datn/engflow/config/RedisConfig.java:[31,45] org.springframework.data.redis.serializer.GenericJackson2JsonRedisSerializer in org.springframework.data.redis.serializer has been deprecated and marked for removal
#14 12.25 [WARNING] /app/src/main/java/com/datn/engflow/config/RedisConfig.java:[43,101] org.springframework.data.redis.serializer.GenericJackson2JsonRedisSerializer in org.springframework.data.redis.serializer has been deprecated and marked for removal
#14 12.25 [INFO] /app/src/main/java/com/datn/engflow/security/JwtAuthenticationFilter.java: Some input files use or override a deprecated API.
#14 12.25 [INFO] /app/src/main/java/com/datn/engflow/security/JwtAuthenticationFilter.java: Recompile with -Xlint:deprecation for details.
#14 12.25 [INFO] 
#14 12.25 [INFO] --- resources:3.3.1:testResources (default-testResources) @ engflow ---
#14 12.26 [INFO] Copying 0 resource from src/test/resources to target/test-classes
#14 12.26 [INFO] 
#14 12.26 [INFO] --- compiler:3.14.1:testCompile (default-testCompile) @ engflow ---
#14 12.27 [INFO] Recompiling the module because of changed dependency.
#14 12.27 [INFO] Compiling 79 source files with javac [debug parameters release 25] to target/test-classes
#14 15.06 [INFO] /app/src/test/java/com/datn/engflow/service/PaymentServiceTest.java: /app/src/test/java/com/datn/engflow/service/PaymentServiceTest.java uses or overrides a deprecated API.
#14 15.06 [INFO] /app/src/test/java/com/datn/engflow/service/PaymentServiceTest.java: Recompile with -Xlint:deprecation for details.
#14 15.06 [INFO] /app/src/test/java/com/datn/engflow/service/ExerciseServiceMultipleChoiceOptionsTest.java: /app/src/test/java/com/datn/engflow/service/ExerciseServiceMultipleChoiceOptionsTest.java uses unchecked or unsafe operations.
#14 15.06 [INFO] /app/src/test/java/com/datn/engflow/service/ExerciseServiceMultipleChoiceOptionsTest.java: Recompile with -Xlint:unchecked for details.
#14 15.06 [INFO] 
#14 15.06 [INFO] --- surefire:3.5.5:test (default-test) @ engflow ---
#14 15.17 [INFO] Tests are skipped.
#14 15.17 [INFO] 
#14 15.17 [INFO] --- jar:3.4.2:jar (default-jar) @ engflow ---
#14 15.43 [INFO] Building jar: /app/target/engflow-0.0.1-SNAPSHOT.jar
#14 15.65 [INFO] 
#14 15.65 [INFO] --- spring-boot:4.0.6:repackage (repackage) @ engflow ---
#14 17.64 [INFO] Replacing main artifact /app/target/engflow-0.0.1-SNAPSHOT.jar with repackaged archive, adding nested dependencies in BOOT-INF/.
#14 17.64 [INFO] The original artifact has been renamed to /app/target/engflow-0.0.1-SNAPSHOT.jar.original
#14 17.64 [INFO] ------------------------------------------------------------------------
#14 17.64 [INFO] BUILD SUCCESS
#14 17.64 [INFO] ------------------------------------------------------------------------
#14 17.64 [INFO] Total time:  15.602 s
#14 17.64 [INFO] Finished at: 2026-09-21T20:03:02Z
#14 17.64 [INFO] ------------------------------------------------------------------------
#14 DONE 17.7s

#15 [run 2/4] WORKDIR /app
#15 CACHED

#16 [run 3/4] RUN apk add --no-cache tzdata
#16 CACHED

#17 [run 4/4] COPY --from=build /app/target/engflow-0.0.1-SNAPSHOT.jar ./app.jar
#17 DONE 0.1s

#18 exporting to image
#18 exporting layers
#18 exporting layers 3.3s done
#18 exporting manifest sha256:ca75cdb2faf0eac8e3f06b66372ea89f3f1b4161f0df29be04c4ce4268d009da done
#18 exporting config sha256:b5552178511dfbd496b0e7a134d48ede5a22370f70d51918209a03ca53e269d1 done
#18 exporting attestation manifest sha256:ae23e0d2243228c224b129d1eb3747720cafbd1670a69f08052a74714aeb5e07 0.0s done
#18 exporting manifest list sha256:09bf3194b57788d014b54fe77227b32dbf59f98f990d05baa86e8eaff1a92b40 done
#18 naming to docker.io/library/engflow-backend:latest done
#18 unpacking to docker.io/library/engflow-backend:latest
#18 unpacking to docker.io/library/engflow-backend:latest 0.6s done
#18 DONE 4.0s

#19 resolving provenance for metadata file
#19 DONE 0.0s
 Image engflow-backend Built 
 Container engflow-redis Running 
 Container engflow-sqlserver Running 
 Container engflow-backend Recreate 
 Container engflow-backend Recreated 
 Container engflow-sqlserver Waiting 
 Container engflow-sqlserver Healthy 
 Container engflow-sqlserver-init-1 Starting 
 Container engflow-sqlserver-init-1 Started 
 Container engflow-sqlserver-init-1 Waiting 
 Container engflow-sqlserver-init-1 Exited 
 Container engflow-backend Starting 
 Container engflow-backend Started 
