[36mvite v5.4.21 [32mbuilding for production...[36m[39m
transforming...
[32m✓[39m 1655 modules transformed.
rendering chunks...
computing gzip size...
[2mdist/[22m[32mindex.html                                    [39m[1m[2m  3.36 kB[22m[1m[22m[2m │ gzip:  1.76 kB[22m
[2mdist/[22m[35massets/LessonLayout-BXbJ9Qqq.css              [39m[1m[2m  0.15 kB[22m[1m[22m[2m │ gzip:  0.14 kB[22m
[2mdist/[22m[35massets/AppModal-BH2MLqpy.css                  [39m[1m[2m  0.18 kB[22m[1m[22m[2m │ gzip:  0.12 kB[22m
[2mdist/[22m[35massets/PremiumPage-DOBeMA6p.css               [39m[1m[2m  0.69 kB[22m[1m[22m[2m │ gzip:  0.34 kB[22m
[2mdist/[22m[35massets/Pagination-Dta4cPsm.css                [39m[1m[2m  2.51 kB[22m[1m[22m[2m │ gzip:  0.73 kB[22m
[2mdist/[22m[35massets/Home-D2Z6vI_x.css                      [39m[1m[2m  6.41 kB[22m[1m[22m[2m │ gzip:  1.68 kB[22m
[2mdist/[22m[35massets/index-Vt7oh-Qf.css                     [39m[1m[2m 87.35 kB[22m[1m[22m[2m │ gzip: 15.29 kB[22m
[2mdist/[22m[36massets/_plugin-vue_export-helper-DlAUqK2U.js  [39m[1m[2m  0.09 kB[22m[1m[22m[2m │ gzip:  0.10 kB[22m
[2mdist/[22m[36massets/mediaUrl-RFMiWCf_.js                   [39m[1m[2m  0.10 kB[22m[1m[22m[2m │ gzip:  0.11 kB[22m
[2mdist/[22m[36massets/streakService-mHQJsDf5.js              [39m[1m[2m  0.26 kB[22m[1m[22m[2m │ gzip:  0.19 kB[22m
[2mdist/[22m[36massets/check-DLSFM72D.js                      [39m[1m[2m  0.30 kB[22m[1m[22m[2m │ gzip:  0.25 kB[22m
[2mdist/[22m[36massets/plus-Cw-cmga2.js                       [39m[1m[2m  0.33 kB[22m[1m[22m[2m │ gzip:  0.26 kB[22m
[2mdist/[22m[36massets/search-CB1-D9TC.js                     [39m[1m[2m  0.35 kB[22m[1m[22m[2m │ gzip:  0.28 kB[22m
[2mdist/[22m[36massets/book-open-CnjBLYLL.js                  [39m[1m[2m  0.40 kB[22m[1m[22m[2m │ gzip:  0.29 kB[22m
[2mdist/[22m[36massets/webmDuration-BbguKm97.js               [39m[1m[2m  0.42 kB[22m[1m[22m[2m │ gzip:  0.27 kB[22m
[2mdist/[22m[36massets/volume-2-CdqvUTy3.js                   [39m[1m[2m  0.45 kB[22m[1m[22m[2m │ gzip:  0.33 kB[22m
[2mdist/[22m[36massets/mic-CDHuX5eN.js                        [39m[1m[2m  0.45 kB[22m[1m[22m[2m │ gzip:  0.32 kB[22m
[2mdist/[22m[36massets/audio-lines-DgiBEKGO.js                [39m[1m[2m  0.48 kB[22m[1m[22m[2m │ gzip:  0.31 kB[22m
[2mdist/[22m[36massets/users-ANVCrnf0.js                      [39m[1m[2m  0.48 kB[22m[1m[22m[2m │ gzip:  0.33 kB[22m
[2mdist/[22m[36massets/gameService-BrjvPBEV.js                [39m[1m[2m  0.48 kB[22m[1m[22m[2m │ gzip:  0.24 kB[22m
[2mdist/[22m[36massets/file-text-CkJkiiOF.js                  [39m[1m[2m  0.51 kB[22m[1m[22m[2m │ gzip:  0.32 kB[22m
[2mdist/[22m[36massets/clapperboard-BoeRBU-6.js               [39m[1m[2m  0.52 kB[22m[1m[22m[2m │ gzip:  0.36 kB[22m
[2mdist/[22m[36massets/layout-dashboard-BYNxn2dD.js           [39m[1m[2m  0.53 kB[22m[1m[22m[2m │ gzip:  0.31 kB[22m
[2mdist/[22m[36massets/StickerCard-BXg1aUn0.js                [39m[1m[2m  0.55 kB[22m[1m[22m[2m │ gzip:  0.34 kB[22m
[2mdist/[22m[36massets/sparkles-BZUNIUJ0.js                   [39m[1m[2m  0.60 kB[22m[1m[22m[2m │ gzip:  0.36 kB[22m
[2mdist/[22m[36massets/trophy-BX0kw37M.js                     [39m[1m[2m  0.64 kB[22m[1m[22m[2m │ gzip:  0.39 kB[22m
[2mdist/[22m[36massets/pen-tool-ClvSjmv0.js                   [39m[1m[2m  0.65 kB[22m[1m[22m[2m │ gzip:  0.41 kB[22m
[2mdist/[22m[36massets/premium-nhUIr64H.js                    [39m[1m[2m  0.66 kB[22m[1m[22m[2m │ gzip:  0.38 kB[22m
[2mdist/[22m[36massets/lessonLevels-sgx01yBQ.js               [39m[1m[2m  0.69 kB[22m[1m[22m[2m │ gzip:  0.29 kB[22m
[2mdist/[22m[36massets/deckService-B-6lQmUS.js                [39m[1m[2m  0.81 kB[22m[1m[22m[2m │ gzip:  0.39 kB[22m
[2mdist/[22m[36massets/AppEmptyState-ChFhg3sW.js              [39m[1m[2m  1.08 kB[22m[1m[22m[2m │ gzip:  0.62 kB[22m
[2mdist/[22m[36massets/lessonStructureService-wMjHzgIS.js     [39m[1m[2m  1.08 kB[22m[1m[22m[2m │ gzip:  0.37 kB[22m
[2mdist/[22m[36massets/lessonService-Q0ookqhr.js              [39m[1m[2m  1.10 kB[22m[1m[22m[2m │ gzip:  0.40 kB[22m
[2mdist/[22m[36massets/trash-2-Cj3Q5wqF.js                    [39m[1m[2m  1.31 kB[22m[1m[22m[2m │ gzip:  0.54 kB[22m
[2mdist/[22m[36massets/adminService-1xQifkQV.js               [39m[1m[2m  1.66 kB[22m[1m[22m[2m │ gzip:  0.42 kB[22m
[2mdist/[22m[36massets/UserPageHeader-o_S2GQFo.js             [39m[1m[2m  1.68 kB[22m[1m[22m[2m │ gzip:  0.86 kB[22m
[2mdist/[22m[36massets/speakingService-Ds32QsFX.js            [39m[1m[2m  1.69 kB[22m[1m[22m[2m │ gzip:  0.60 kB[22m
[2mdist/[22m[36massets/videoLessonService-DTx_HyTJ.js         [39m[1m[2m  1.80 kB[22m[1m[22m[2m │ gzip:  0.68 kB[22m
[2mdist/[22m[36massets/useSpeakingRecorder-DCuT2JxD.js        [39m[1m[2m  1.84 kB[22m[1m[22m[2m │ gzip:  1.03 kB[22m
[2mdist/[22m[36massets/FormField-BtmqPAL9.js                  [39m[1m[2m  1.90 kB[22m[1m[22m[2m │ gzip:  0.84 kB[22m
[2mdist/[22m[36massets/AppModal-_fJehP5r.js                   [39m[1m[2m  2.31 kB[22m[1m[22m[2m │ gzip:  1.19 kB[22m
[2mdist/[22m[36massets/ForgotPassword-DEb_kkTU.js             [39m[1m[2m  2.65 kB[22m[1m[22m[2m │ gzip:  1.40 kB[22m
[2mdist/[22m[36massets/Pagination-DbuprSZQ.js                 [39m[1m[2m  3.08 kB[22m[1m[22m[2m │ gzip:  1.41 kB[22m
[2mdist/[22m[36massets/PremiumCheckout-Dl4X2k-v.js            [39m[1m[2m  3.12 kB[22m[1m[22m[2m │ gzip:  1.65 kB[22m
[2mdist/[22m[36massets/Login-BhphWy8s.js                      [39m[1m[2m  3.54 kB[22m[1m[22m[2m │ gzip:  1.65 kB[22m
[2mdist/[22m[36massets/QuizGame-nclQbt4y.js                   [39m[1m[2m  3.57 kB[22m[1m[22m[2m │ gzip:  1.76 kB[22m
[2mdist/[22m[36massets/vocabularyService-BoCOuTl_.js          [39m[1m[2m  3.60 kB[22m[1m[22m[2m │ gzip:  1.34 kB[22m
[2mdist/[22m[36massets/PremiumPage-BDYi8MbG.js                [39m[1m[2m  3.61 kB[22m[1m[22m[2m │ gzip:  1.62 kB[22m
[2mdist/[22m[36massets/ListeningGame-MyxqJgSS.js              [39m[1m[2m  3.61 kB[22m[1m[22m[2m │ gzip:  1.71 kB[22m
[2mdist/[22m[36massets/ResetPassword-CRkjCRBA.js              [39m[1m[2m  3.63 kB[22m[1m[22m[2m │ gzip:  1.69 kB[22m
[2mdist/[22m[36massets/Register-CCktJzhv.js                   [39m[1m[2m  3.90 kB[22m[1m[22m[2m │ gzip:  1.68 kB[22m
[2mdist/[22m[36massets/Leaderboard-Dy8D9n9N.js                [39m[1m[2m  4.28 kB[22m[1m[22m[2m │ gzip:  2.17 kB[22m
[2mdist/[22m[36massets/DeckCreate-CTglEdz4.js                 [39m[1m[2m  4.45 kB[22m[1m[22m[2m │ gzip:  2.01 kB[22m
[2mdist/[22m[36massets/MemoryMatchGame-BhGoL_1S.js            [39m[1m[2m  5.09 kB[22m[1m[22m[2m │ gzip:  2.27 kB[22m
[2mdist/[22m[36massets/SpeakingList-Dm0aZU5p.js               [39m[1m[2m  5.11 kB[22m[1m[22m[2m │ gzip:  2.39 kB[22m
[2mdist/[22m[36massets/AdminVideoAttempts-DVPEqMkX.js         [39m[1m[2m  5.47 kB[22m[1m[22m[2m │ gzip:  2.44 kB[22m
[2mdist/[22m[36massets/MixedGame-CRGqRCui.js                  [39m[1m[2m  5.78 kB[22m[1m[22m[2m │ gzip:  2.54 kB[22m
[2mdist/[22m[36massets/SearchVocabulary-D_FTIq2X.js           [39m[1m[2m  5.83 kB[22m[1m[22m[2m │ gzip:  2.47 kB[22m
[2mdist/[22m[36massets/TypingGame-CJw0Ecn_.js                 [39m[1m[2m  5.88 kB[22m[1m[22m[2m │ gzip:  2.55 kB[22m
[2mdist/[22m[36massets/DeckDetail-BUW5VoyM.js                 [39m[1m[2m  6.17 kB[22m[1m[22m[2m │ gzip:  2.19 kB[22m
[2mdist/[22m[36massets/VideoLibrary-R3LOHKW1.js               [39m[1m[2m  6.74 kB[22m[1m[22m[2m │ gzip:  2.86 kB[22m
[2mdist/[22m[36massets/Decks-C_8Jh5bT.js                      [39m[1m[2m  6.76 kB[22m[1m[22m[2m │ gzip:  2.88 kB[22m
[2mdist/[22m[36massets/SubmissionHistory-pFZM3vXM.js          [39m[1m[2m  6.88 kB[22m[1m[22m[2m │ gzip:  2.94 kB[22m
[2mdist/[22m[36massets/AdminUsers-jbnQJuR2.js                 [39m[1m[2m  7.30 kB[22m[1m[22m[2m │ gzip:  2.57 kB[22m
[2mdist/[22m[36massets/FlashcardGame-CGKrn7CZ.js              [39m[1m[2m  7.78 kB[22m[1m[22m[2m │ gzip:  3.07 kB[22m
[2mdist/[22m[36massets/AdminLayout-CMwlqsfs.js                [39m[1m[2m  8.12 kB[22m[1m[22m[2m │ gzip:  2.87 kB[22m
[2mdist/[22m[36massets/AdminDashboard-mtgHU_RB.js             [39m[1m[2m  9.23 kB[22m[1m[22m[2m │ gzip:  3.20 kB[22m
[2mdist/[22m[36massets/Lessons-Bd0WZIt2.js                    [39m[1m[2m  9.49 kB[22m[1m[22m[2m │ gzip:  3.72 kB[22m
[2mdist/[22m[36massets/SpeakingDetail-CVT52X0i.js             [39m[1m[2m  9.80 kB[22m[1m[22m[2m │ gzip:  3.83 kB[22m
[2mdist/[22m[36massets/SpeakingRecord-CRzVvjX_.js             [39m[1m[2m  9.86 kB[22m[1m[22m[2m │ gzip:  3.90 kB[22m
[2mdist/[22m[36massets/AiVocabGenerator-CDQIBQDD.js           [39m[1m[2m 10.85 kB[22m[1m[22m[2m │ gzip:  4.21 kB[22m
[2mdist/[22m[36massets/Profile-BS5TadKr.js                    [39m[1m[2m 11.86 kB[22m[1m[22m[2m │ gzip:  4.78 kB[22m
[2mdist/[22m[36massets/Home-MnNnZqJw.js                       [39m[1m[2m 11.94 kB[22m[1m[22m[2m │ gzip:  4.90 kB[22m
[2mdist/[22m[36massets/AdminVideoLessons-DY-8Frtj.js          [39m[1m[2m 12.82 kB[22m[1m[22m[2m │ gzip:  5.11 kB[22m
[2mdist/[22m[36massets/AdminLessons-UYwAo92e.js               [39m[1m[2m 13.78 kB[22m[1m[22m[2m │ gzip:  4.36 kB[22m
[2mdist/[22m[36massets/AdminSpeakingSubmissions-F2EtO1yu.js   [39m[1m[2m 13.89 kB[22m[1m[22m[2m │ gzip:  4.98 kB[22m
[2mdist/[22m[36massets/AdminSpeakingPrompts-DWCY67lm.js       [39m[1m[2m 16.66 kB[22m[1m[22m[2m │ gzip:  5.89 kB[22m
[2mdist/[22m[36massets/VideoLesson-C2vYsFBu.js                [39m[1m[2m 22.01 kB[22m[1m[22m[2m │ gzip:  8.23 kB[22m
[2mdist/[22m[36massets/AdminLessonBuilder-CCut612e.js         [39m[1m[2m 26.48 kB[22m[1m[22m[2m │ gzip:  7.08 kB[22m
[2mdist/[22m[36massets/LessonLayout-CeTfzksI.js               [39m[1m[2m 27.43 kB[22m[1m[22m[2m │ gzip:  8.92 kB[22m
[2mdist/[22m[36massets/AdminExercises-CIVSPcNO.js             [39m[1m[2m 32.33 kB[22m[1m[22m[2m │ gzip:  9.50 kB[22m
[2mdist/[22m[36massets/markdown-DBu3buwd.js                   [39m[1m[2m 64.94 kB[22m[1m[22m[2m │ gzip: 22.12 kB[22m
[2mdist/[22m[36massets/index-Cd6bQHDn.js                      [39m[1m[2m177.44 kB[22m[1m[22m[2m │ gzip: 67.56 kB[22m
[32m✓ built in 5.63s[39m
