vite v5.4.21 building for production...
transforming...
✓ 1655 modules transformed.
rendering chunks...
computing gzip size...
dist/index.html                                      3.36 kB │ gzip:  1.77 kB
dist/assets/LessonLayout-BXbJ9Qqq.css                0.15 kB │ gzip:  0.14 kB
dist/assets/AppModal-BH2MLqpy.css                    0.18 kB │ gzip:  0.12 kB
dist/assets/PremiumPage-Cku2H0m4.css                 0.69 kB │ gzip:  0.34 kB
dist/assets/Pagination-CJI_YcDG.css                  2.51 kB │ gzip:  0.73 kB
dist/assets/Home-BppP99IL.css                        6.41 kB │ gzip:  1.68 kB
dist/assets/index--IzFmPu-.css                      86.37 kB │ gzip: 15.17 kB
dist/assets/_plugin-vue_export-helper-DlAUqK2U.js    0.09 kB │ gzip:  0.10 kB
dist/assets/mediaUrl-RFMiWCf_.js                     0.10 kB │ gzip:  0.11 kB
dist/assets/streakService-YD7hNAww.js                0.26 kB │ gzip:  0.19 kB
dist/assets/check-Ci7Anm18.js                        0.30 kB │ gzip:  0.25 kB
dist/assets/plus-RFpScyvY.js                         0.33 kB │ gzip:  0.26 kB
dist/assets/search-WDNY-_rQ.js                       0.35 kB │ gzip:  0.28 kB
dist/assets/book-open-ODLaEcmp.js                    0.40 kB │ gzip:  0.29 kB
dist/assets/webmDuration-BbguKm97.js                 0.42 kB │ gzip:  0.27 kB
dist/assets/volume-2-DOu3aMpO.js                     0.45 kB │ gzip:  0.33 kB
dist/assets/mic-D344bvjj.js                          0.45 kB │ gzip:  0.32 kB
dist/assets/audio-lines-DM_-2aXj.js                  0.48 kB │ gzip:  0.31 kB
dist/assets/users-DMy1gasz.js                        0.48 kB │ gzip:  0.33 kB
dist/assets/gameService-BmSX8sCU.js                  0.48 kB │ gzip:  0.24 kB
dist/assets/file-text-DMh7xJsO.js                    0.51 kB │ gzip:  0.32 kB
dist/assets/clapperboard-BrxUauFs.js                 0.52 kB │ gzip:  0.36 kB
dist/assets/layout-dashboard-CLk4XOak.js             0.53 kB │ gzip:  0.31 kB
dist/assets/StickerCard-yNQF-ezX.js                  0.55 kB │ gzip:  0.34 kB
dist/assets/sparkles-CYmCMbnN.js                     0.60 kB │ gzip:  0.36 kB
dist/assets/trophy-CH6PhaQn.js                       0.64 kB │ gzip:  0.39 kB
dist/assets/pen-tool-BPuGdaZK.js                     0.65 kB │ gzip:  0.41 kB
dist/assets/premium-CqPCZh-f.js                      0.66 kB │ gzip:  0.39 kB
dist/assets/lessonLevels-CI59-ktO.js                 0.69 kB │ gzip:  0.30 kB
dist/assets/deckService-Bu8YXw3-.js                  0.81 kB │ gzip:  0.39 kB
dist/assets/trash-2-DgJ7Tm-e.js                      0.82 kB │ gzip:  0.42 kB
dist/assets/AppEmptyState-C-I--tGS.js                1.08 kB │ gzip:  0.62 kB
dist/assets/lessonService-Bv0Z5Hdp.js                1.10 kB │ gzip:  0.40 kB
dist/assets/adminService-D9_c7o7M.js                 1.66 kB │ gzip:  0.42 kB
dist/assets/UserPageHeader-C8L_c143.js               1.68 kB │ gzip:  0.86 kB
dist/assets/speakingService-DIOtxwD-.js              1.69 kB │ gzip:  0.60 kB
dist/assets/videoLessonService-BZ9DAKbE.js           1.80 kB │ gzip:  0.68 kB
dist/assets/useSpeakingRecorder-DUCg0ZSv.js          1.84 kB │ gzip:  1.04 kB
dist/assets/FormField-CFYQRXYp.js                    1.90 kB │ gzip:  0.85 kB
dist/assets/AppModal-C2xim3cb.js                     2.31 kB │ gzip:  1.19 kB
dist/assets/ForgotPassword-D9lmST2I.js               2.65 kB │ gzip:  1.40 kB
dist/assets/Pagination-Tn3nX3aq.js                   3.08 kB │ gzip:  1.41 kB
dist/assets/PremiumCheckout-Djrt_I47.js              3.14 kB │ gzip:  1.66 kB
dist/assets/vocabularyService-G4BaX-xe.js            3.29 kB │ gzip:  1.31 kB
dist/assets/QuizGame-CB5fyBra.js                     3.56 kB │ gzip:  1.76 kB
dist/assets/Login-BOotfMse.js                        3.58 kB │ gzip:  1.68 kB
dist/assets/ListeningGame-D4TfWMN1.js                3.61 kB │ gzip:  1.71 kB
dist/assets/ResetPassword-BkLoRBhC.js                3.63 kB │ gzip:  1.69 kB
dist/assets/PremiumPage-BI4TVJDI.js                  3.83 kB │ gzip:  1.74 kB
dist/assets/Register-BLGFs87Q.js                     3.93 kB │ gzip:  1.70 kB
dist/assets/Leaderboard-DtpR81Dt.js                  4.36 kB │ gzip:  2.21 kB
dist/assets/DeckCreate-fRGDngfo.js                   4.45 kB │ gzip:  2.01 kB
dist/assets/MemoryMatchGame-B2-1YXq1.js              5.10 kB │ gzip:  2.27 kB
dist/assets/SpeakingList-CiC-vN72.js                 5.12 kB │ gzip:  2.39 kB
dist/assets/AdminVideoAttempts-DdrlFCd3.js           5.47 kB │ gzip:  2.44 kB
dist/assets/MixedGame-Dj4mNMqR.js                    5.79 kB │ gzip:  2.54 kB
dist/assets/TypingGame-Bnj1OXo_.js                   5.89 kB │ gzip:  2.55 kB
dist/assets/SearchVocabulary-CKFuqlgW.js             6.14 kB │ gzip:  2.63 kB
dist/assets/DeckDetail-DhvXNDty.js                   6.18 kB │ gzip:  2.19 kB
dist/assets/VideoLibrary-B6MZ0-Ud.js                 6.74 kB │ gzip:  2.87 kB
dist/assets/Decks-kfxQEd9m.js                        6.77 kB │ gzip:  2.88 kB
dist/assets/SubmissionHistory-DMdiCNId.js            6.88 kB │ gzip:  2.95 kB
dist/assets/AdminUsers-BCeUXNCH.js                   7.30 kB │ gzip:  2.57 kB
dist/assets/FlashcardGame-CWPvhjEq.js                7.81 kB │ gzip:  3.09 kB
dist/assets/AdminLayout-DC_gogd9.js                  8.08 kB │ gzip:  2.84 kB
dist/assets/AdminDashboard-NMsxhpdm.js               9.24 kB │ gzip:  3.20 kB
dist/assets/Lessons-DzIS9h_x.js                      9.49 kB │ gzip:  3.72 kB
dist/assets/SpeakingDetail-ZD7ucit-.js               9.81 kB │ gzip:  3.83 kB
dist/assets/SpeakingRecord-C8WNH0q6.js               9.87 kB │ gzip:  3.90 kB
dist/assets/AiVocabGenerator-BusZqkNm.js            10.98 kB │ gzip:  4.30 kB
dist/assets/Profile-CaFBtM7L.js                     11.87 kB │ gzip:  4.78 kB
dist/assets/Home-D4HqZAxo.js                        11.94 kB │ gzip:  4.90 kB
dist/assets/AdminVideoLessons-q1Ozd132.js           12.82 kB │ gzip:  5.11 kB
dist/assets/AdminLessons-BK6N9P9j.js                13.34 kB │ gzip:  4.28 kB
dist/assets/AdminSpeakingSubmissions-DZYuR4Nt.js    13.89 kB │ gzip:  4.99 kB
dist/assets/AdminSpeakingPrompts-_Q27xjeN.js        16.67 kB │ gzip:  5.89 kB
dist/assets/VideoLesson-DWsYqxxd.js                 22.03 kB │ gzip:  8.23 kB
dist/assets/LessonLayout-DJqQhKMZ.js                28.34 kB │ gzip:  9.26 kB
dist/assets/AdminExercises-BA5iQ-zx.js              33.27 kB │ gzip:  9.85 kB
dist/assets/markdown-DBu3buwd.js                    64.94 kB │ gzip: 22.12 kB
dist/assets/index-DZ76lATv.js                      177.75 kB │ gzip: 67.69 kB
✓ built in 4.33s
