  360 /                    sampled= 111 overflow= -15 shadow=11/19 border2=19 lucide=12/12 tok=11/11
  360 /lessons             sampled= 166 overflow= -15 shadow=13/19 border2=19 lucide=0/0 tok=11/11
  360 /lessons/445         sampled= 235 overflow= -15 shadow=1/3 border2=3 lucide=0/0 tok=11/11
  360 /decks               sampled= 111 overflow= -15 shadow=11/13 border2=13 lucide=0/0 tok=11/11
  360 /speaking            sampled=  86 overflow= -15 shadow=0/2 border2=2 lucide=0/0 tok=11/11
  360 /premium             sampled=  49 overflow= -15 shadow=2/4 border2=4 lucide=0/0 tok=11/11
  360 /login               sampled= 166 overflow= -15 shadow=13/19 border2=19 lucide=0/0 tok=11/11
  360 /leaderboard         sampled=  51 overflow= -15 shadow=0/2 border2=2 lucide=1/1 tok=11/11
  360 /videos              sampled=  81 overflow= -15 shadow=5/7 border2=7 lucide=0/0 tok=11/11
  360 /admin/dashboard     sampled=  68 overflow= -15 shadow=0/0 border2=0 lucide=14/14 tok=11/11
  360 /admin/lessons       sampled= 196 overflow= -15 shadow=1/1 border2=1 lucide=52/52 tok=11/11
  360 /admin/exercises     sampled= 214 overflow= -15 shadow=1/1 border2=1 lucide=52/52 tok=11/11
  768 /                    sampled= 111 overflow= -15 shadow=11/19 border2=19 lucide=12/12 tok=11/11
  768 /lessons             sampled= 166 overflow= -15 shadow=13/19 border2=19 lucide=0/0 tok=11/11
  768 /lessons/445         sampled= 235 overflow= -15 shadow=1/3 border2=3 lucide=0/0 tok=11/11
  768 /decks               sampled= 111 overflow= -15 shadow=11/13 border2=13 lucide=0/0 tok=11/11
  768 /speaking            sampled=  86 overflow= -15 shadow=0/2 border2=2 lucide=0/0 tok=11/11
  768 /premium             sampled=  49 overflow= -15 shadow=2/4 border2=4 lucide=0/0 tok=11/11
  768 /login               sampled= 166 overflow= -15 shadow=13/19 border2=19 lucide=0/0 tok=11/11
  768 /leaderboard         sampled=  51 overflow= -15 shadow=0/2 border2=2 lucide=1/1 tok=11/11
  768 /videos              sampled=  81 overflow= -15 shadow=5/7 border2=7 lucide=0/0 tok=11/11
  768 /admin/dashboard     sampled=  68 overflow= -15 shadow=0/0 border2=0 lucide=14/14 tok=11/11
  768 /admin/lessons       sampled= 196 overflow= -15 shadow=1/1 border2=1 lucide=52/52 tok=11/11
  768 /admin/exercises     sampled= 214 overflow= -15 shadow=1/1 border2=1 lucide=52/52 tok=11/11
 1280 /                    sampled= 111 overflow= -15 shadow=11/19 border2=19 lucide=12/12 tok=11/11
 1280 /lessons             sampled= 166 overflow= -15 shadow=13/19 border2=19 lucide=0/0 tok=11/11
 1280 /lessons/445         sampled= 235 overflow= -15 shadow=1/3 border2=3 lucide=0/0 tok=11/11
 1280 /decks               sampled=  41 overflow= -15 shadow=2/5 border2=5 lucide=0/0 tok=11/11
 1280 /speaking            sampled=  40 overflow= -15 shadow=0/3 border2=3 lucide=0/0 tok=11/11
 1280 /premium             sampled=  49 overflow= -15 shadow=2/4 border2=4 lucide=0/0 tok=11/11
 1280 /login               sampled=  44 overflow= -15 shadow=1/7 border2=7 lucide=0/0 tok=11/11
 1280 /leaderboard         sampled=  36 overflow= -15 shadow=0/3 border2=3 lucide=1/1 tok=11/11
 1280 /videos              sampled=  81 overflow= -15 shadow=5/7 border2=7 lucide=0/0 tok=11/11
 1280 /admin/dashboard     sampled=  68 overflow= -15 shadow=0/0 border2=0 lucide=14/14 tok=11/11
 1280 /admin/lessons       sampled= 196 overflow= -15 shadow=1/1 border2=1 lucide=52/52 tok=11/11
 1280 /admin/exercises     sampled= 214 overflow= -15 shadow=1/1 border2=1 lucide=52/52 tok=11/11
 1440 /                    sampled= 111 overflow= -15 shadow=11/19 border2=19 lucide=12/12 tok=11/11
 1440 /lessons             sampled= 166 overflow= -15 shadow=13/19 border2=19 lucide=0/0 tok=11/11
 1440 /lessons/445         sampled= 235 overflow= -15 shadow=1/3 border2=3 lucide=0/0 tok=11/11
 1440 /decks               sampled= 111 overflow= -15 shadow=11/13 border2=13 lucide=0/0 tok=11/11
 1440 /speaking            sampled=  86 overflow= -15 shadow=0/2 border2=2 lucide=0/0 tok=11/11
 1440 /premium             sampled=  49 overflow= -15 shadow=2/4 border2=4 lucide=0/0 tok=11/11
 1440 /login               sampled= 166 overflow= -15 shadow=13/19 border2=19 lucide=0/0 tok=11/11
 1440 /leaderboard         sampled=  51 overflow= -15 shadow=0/2 border2=2 lucide=1/1 tok=11/11
 1440 /videos              sampled=  81 overflow= -15 shadow=5/7 border2=7 lucide=0/0 tok=11/11
 1440 /admin/dashboard     sampled=  68 overflow= -15 shadow=0/0 border2=0 lucide=14/14 tok=11/11
 1440 /admin/lessons       sampled= 196 overflow= -15 shadow=1/1 border2=1 lucide=52/52 tok=11/11
 1440 /admin/exercises     sampled= 214 overflow= -15 shadow=1/1 border2=1 lucide=52/52 tok=11/11
 1920 /                    sampled= 111 overflow= -15 shadow=11/19 border2=19 lucide=12/12 tok=11/11
 1920 /lessons             sampled= 166 overflow= -15 shadow=13/19 border2=19 lucide=0/0 tok=11/11
 1920 /lessons/445         sampled= 235 overflow= -15 shadow=1/3 border2=3 lucide=0/0 tok=11/11
 1920 /decks               sampled= 111 overflow= -15 shadow=11/13 border2=13 lucide=0/0 tok=11/11
 1920 /speaking            sampled=  86 overflow= -15 shadow=0/2 border2=2 lucide=0/0 tok=11/11
 1920 /premium             sampled=  49 overflow= -15 shadow=2/4 border2=4 lucide=0/0 tok=11/11
 1920 /login               sampled= 166 overflow= -15 shadow=13/19 border2=19 lucide=0/0 tok=11/11
 1920 /leaderboard         sampled=  51 overflow= -15 shadow=0/2 border2=2 lucide=1/1 tok=11/11
 1920 /videos              sampled=  81 overflow= -15 shadow=5/7 border2=7 lucide=0/0 tok=11/11
 1920 /admin/dashboard     sampled=  68 overflow= -15 shadow=0/0 border2=0 lucide=14/14 tok=11/11
 1920 /admin/lessons       sampled= 196 overflow= -15 shadow=1/1 border2=1 lucide=52/52 tok=11/11
 1920 /admin/exercises     sampled= 214 overflow= -15 shadow=1/1 border2=1 lucide=52/52 tok=11/11
cleanupAuditPayments: window=since 2026-09-28 00:00:00 candidates=1 remaining=0 after=13 baseline=12 sqlError=false -> SELF-CLEAN OK  [NOTE: after != baseline 12 — baseline may be stale; the sweep still cleaned its own rows]
cleanupStudyDays: window=[2026-09-28..2026-09-28] candidates=0 remaining=0 sqlError=false -> SELF-CLEAN OK
DB parity after cleanup: 1470|43738|5|118|29|4|3|13|10   (baseline 1470|43738|5|118|29|4|3|12|10)
assertClean: parity=1470|43738|5|118|29|4|3|13|10 study_days=4 pending_payments=0 exercise_attempts=33 -> DIRTY: parity 1470|43738|5|118|29|4|3|13|10 != expected 1470|43738|5|118|29|4|3|12|10
RESIDUE: assertClean failed — residue left by this run: parity 1470|43738|5|118|29|4|3|13|10 != expected 1470|43738|5|118|29|4|3|12|10

=== PLAN B SUMMARY ===
font loaded (400/700/900): {"loaded":true,"bold":true,"black":true,"faces":18}
  faces: ["Be Vietnam Pro:400:unloaded","Be Vietnam Pro:400:unloaded","Be Vietnam Pro:400:loaded","Be Vietnam Pro:500:loaded","Be Vietnam Pro:500:unloaded","Be Vietnam Pro:500:loaded","Be Vietnam Pro:600:unloaded","Be Vietnam Pro:600:unloaded"]
elements sampled      : 7417
non-BVP computed fonts: 0
legacy-family hits    : 0
routes w/ overflow    : 0 / 60
design tokens present : ["--geo-font","--geo-bg","--geo-fg","--geo-accent","--geo-secondary","--geo-tertiary","--geo-quaternary","--geo-border","--geo-radius-md","--geo-shadow-md","--geo-border-width"]
tokens missing        : 0 (of 660 checks)
token value drift     : 0
lucide icons checked  : 655   stroke != 2.5: 0
mobile shadow !2px    : 0
LANDED ON WRONG PAGE  : 0
wrote design-v2.json
